<html>
<body>
<pre>
<h1>µVision Build Log</h1>
<h2>Tool Versions:</h2>
IDE-Version: µVision V5.39.0.0
Copyright (C) 2023 ARM Ltd and ARM Germany GmbH. All rights reserved.
License Information: Thu Bui
DHCN
User-based license: Keil MDK Community (non-commercial free of charge)
Valid until: Jun 1 2033. Cached until: Jun 7 2024
 
Tool Versions:
Toolchain:       Keil MDK Community (non-commercial free of charge  Version: 5.39.0.0
Toolchain Path:  D:\Keil_uVision\Keil_v5\ARM\ARM_Compiler_5.06u7\Bin
C Compiler:      Armcc.exe V5.06 update 7 (build 960)
Assembler:       Armasm.exe V5.06 update 7 (build 960)
Linker/Locator:  ArmLink.exe V5.06 update 7 (build 960)
Library Manager: ArmAr.exe V5.06 update 7 (build 960)
Hex Converter:   FromElf.exe V5.06 update 7 (build 960)
CPU DLL:         SARMCM3.DLL V5.39.0.0
Dialog DLL:      DCM.DLL V1.17.5.0
Target DLL:      STLink\ST-LINKIII-KEIL_SWO.dll V3.2.0.0
Dialog DLL:      TCM.DLL V1.56.4.0
 
<h2>Project:</h2>
D:\QMCL5883L-Compass\QMC5883L.uvprojx
Project File Date:  06/05/2024

<h2>Output:</h2>
*** Warning: The configured compiler version '5.06 update 7 (build 960)' does not support the selected User Based Licensing technology.
*** Using Compiler 'V5.06 update 7 (build 960)', folder: 'D:\Keil_uVision\Keil_v5\ARM\ARM_Compiler_5.06u7\Bin'
Rebuild target 'Target 1'
assembling startup_stm32f10x_md.s...
compiling I2C.c...
compiling Main.c...
I2C.h(1): warning:  #1295-D: Deprecated declaration I2C_Init - give arg types
  void I2C_Init();
I2C.h(2): warning:  #1295-D: Deprecated declaration I2C_Start - give arg types
  void I2C_Start();
I2C.h(5): warning:  #1295-D: Deprecated declaration I2C_Stop - give arg types
  void I2C_Stop();
I2C.h(8): warning:  #1-D: last line of file ends without a newline
  void I2C_WriteData(uint8_t address, uint8_t reg, uint8_t data);
HMC5883L.h(5): warning:  #1295-D: Deprecated declaration HMC5883L_Calibrate - give arg types
  void HMC5883L_Calibrate();
HMC5883L.h(8): warning:  #1295-D: Deprecated declaration QMC5883L_Calibrate - give arg types
  void QMC5883L_Calibrate();
HMC5883L.h(11): warning:  #1-D: last line of file ends without a newline
  float QMC_CalculateHeading(float x, float y);
Main.c(95): warning:  #177-D: variable "x"  was declared but never referenced
  	int16_t x, y, z;
Main.c(95): warning:  #177-D: variable "y"  was declared but never referenced
  	int16_t x, y, z;
Main.c(95): warning:  #177-D: variable "z"  was declared but never referenced
  	int16_t x, y, z;
Main.c(97): warning:  #177-D: variable "direct"  was declared but never referenced
  	char* direct = "";
Main.c(98): warning:  #177-D: variable "heading"  was declared but never referenced
  	float heading = 0.0;
Main.c: 12 warnings, 0 errors
compiling HMC5883L.c...
I2C.h(1): warning:  #1295-D: Deprecated declaration I2C_Init - give arg types
  void I2C_Init();
I2C.h(2): warning:  #1295-D: Deprecated declaration I2C_Start - give arg types
  void I2C_Start();
I2C.h(5): warning:  #1295-D: Deprecated declaration I2C_Stop - give arg types
  void I2C_Stop();
I2C.h(8): warning:  #1-D: last line of file ends without a newline
  void I2C_WriteData(uint8_t address, uint8_t reg, uint8_t data);
HMC5883L.c(161): warning:  #1-D: last line of file ends without a newline
  }
HMC5883L.c: 5 warnings, 0 errors
compiling LCD.c...
I2C.h(1): warning:  #1295-D: Deprecated declaration I2C_Init - give arg types
  void I2C_Init();
I2C.h(2): warning:  #1295-D: Deprecated declaration I2C_Start - give arg types
  void I2C_Start();
I2C.h(5): warning:  #1295-D: Deprecated declaration I2C_Stop - give arg types
  void I2C_Stop();
I2C.h(8): warning:  #1-D: last line of file ends without a newline
  void I2C_WriteData(uint8_t address, uint8_t reg, uint8_t data);
LCD.c: 4 warnings, 0 errors
compiling Delay.c...
compiling system_stm32f10x.c...
linking...
Program Size: Code=2984 RO-data=268 RW-data=36 ZI-data=1636  
".\Objects\QMC5883L.axf" - 0 Error(s), 21 Warning(s).

<h2>Software Packages used:</h2>

Package Vendor: ARM
                http://www.keil.com/pack/ARM.CMSIS.5.9.0.pack
                ARM::CMSIS@5.9.0
                CMSIS (Common Microcontroller Software Interface Standard)
   * Component: CORE Version: 5.6.0

Package Vendor: Keil
                https://www.keil.com/pack/Keil.STM32F1xx_DFP.2.4.1.pack
                Keil::STM32F1xx_DFP@2.4.1
                STMicroelectronics STM32F1 Series Device Support, Drivers and Examples
   * Component: Startup Version: 1.0.0

<h2>Collection of Component include folders:</h2>
  ./RTE/Device/STM32F103C8
  ./RTE/_Target_1
  D:/Keil_uVision/Arm/Packs/ARM/CMSIS/5.9.0/CMSIS/Core/Include
  D:/Keil_uVision/Arm/Packs/Keil/STM32F1xx_DFP/2.4.1/Device/Include

<h2>Collection of Component Files used:</h2>

   * Component: ARM::CMSIS:CORE@5.6.0

   * Component: Keil::Device:Startup@1.0.0
      Source file:   Device/Source/ARM/startup_stm32f10x_md.s
      Source file:   Device/Source/ARM/STM32F1xx_OPT.s
      Source file:   Device/Source/system_stm32f10x.c
      Include file:  RTE_Driver/Config/RTE_Device.h
Build Time Elapsed:  00:00:01
</pre>
</body>
</html>
