Component: ARM Compiler 5.06 update 7 (build 960) Tool: armlink [4d3601]

==============================================================================

Section Cross References

    main.o(i.CalculateDirect) refers to fleqf.o(x$fpl$fleqf) for __aeabi_cfcmple
    main.o(i.CalculateHeading) refers to f2d.o(x$fpl$f2d) for __aeabi_f2d
    main.o(i.CalculateHeading) refers to atan2.o(i.atan2) for atan2
    main.o(i.CalculateHeading) refers to dmul.o(x$fpl$dmul) for __aeabi_dmul
    main.o(i.CalculateHeading) refers to ddiv.o(x$fpl$ddiv) for __aeabi_ddiv
    main.o(i.CalculateHeading) refers to d2f.o(x$fpl$d2f) for __aeabi_d2f
    main.o(i.CalculateHeading) refers to fleqf.o(x$fpl$fleqf) for __aeabi_cfcmple
    main.o(i.CalculateHeading) refers to faddsub_clz.o(x$fpl$fsub) for __aeabi_fsub
    main.o(i.CalculateHeading) refers to main.o(.data) for PI
    main.o(i.Delay_ms) refers to main.o(i.Delay_us) for Delay_us
    main.o(i.I2C2_Start) refers to main.o(i.Delay_ms) for Delay_ms
    main.o(i.LCD_Write) refers to main.o(i.I2C2_Start) for I2C2_Start
    main.o(i.LCD_Write) refers to main.o(i.I2C2_Address) for I2C2_Address
    main.o(i.QMC5883L_Calibrate) refers to main.o(i.QMC5883L_ReadData) for QMC5883L_ReadData
    main.o(i.QMC5883L_Calibrate) refers to main.o(i.Delay_ms) for Delay_ms
    main.o(i.QMC5883L_Calibrate) refers to main.o(i.Delay_us) for Delay_us
    main.o(i.QMC5883L_Calibrate) refers to dflt_clz.o(x$fpl$dflt) for __aeabi_i2d
    main.o(i.QMC5883L_Calibrate) refers to ddiv.o(x$fpl$ddiv) for __aeabi_ddiv
    main.o(i.QMC5883L_Calibrate) refers to d2f.o(x$fpl$d2f) for __aeabi_d2f
    main.o(i.QMC5883L_Calibrate) refers to main.o(.data) for offsetX
    main.o(i.QMC5883L_GetCalibratedData) refers to main.o(i.QMC5883L_ReadData) for QMC5883L_ReadData
    main.o(i.QMC5883L_GetCalibratedData) refers to fflt_clz.o(x$fpl$fflt) for __aeabi_i2f
    main.o(i.QMC5883L_GetCalibratedData) refers to faddsub_clz.o(x$fpl$fsub) for __aeabi_fsub
    main.o(i.QMC5883L_GetCalibratedData) refers to ffix.o(x$fpl$ffix) for __aeabi_f2iz
    main.o(i.QMC5883L_GetCalibratedData) refers to main.o(.data) for offsetX
    main.o(i.QMC5883L_Init) refers to main.o(i.I2C1_WriteData) for I2C1_WriteData
    main.o(i.QMC5883L_ReadData) refers to main.o(i.I2C1_ReadData) for I2C1_ReadData
    main.o(i.lcd_clear) refers to main.o(i.lcd_send_cmd) for lcd_send_cmd
    main.o(i.lcd_clear) refers to main.o(i.lcd_send_data) for lcd_send_data
    main.o(i.lcd_init) refers to main.o(i.Delay_ms) for Delay_ms
    main.o(i.lcd_init) refers to main.o(i.lcd_send_cmd) for lcd_send_cmd
    main.o(i.lcd_init) refers to main.o(i.Delay_us) for Delay_us
    main.o(i.lcd_put_cur) refers to main.o(i.lcd_send_cmd) for lcd_send_cmd
    main.o(i.lcd_send_cmd) refers to main.o(i.LCD_Write) for LCD_Write
    main.o(i.lcd_send_data) refers to main.o(i.LCD_Write) for LCD_Write
    main.o(i.lcd_send_string) refers to main.o(i.lcd_send_data) for lcd_send_data
    main.o(i.main) refers to _printf_percent.o(.ARM.Collect$$_printf_percent$$00000000) for _printf_percent
    main.o(i.main) refers to _printf_d.o(.ARM.Collect$$_printf_percent$$00000009) for _printf_d
    main.o(i.main) refers to _printf_dec.o(.text) for _printf_int_dec
    main.o(i.main) refers to _printf_f.o(.ARM.Collect$$_printf_percent$$00000003) for _printf_f
    main.o(i.main) refers to _printf_s.o(.ARM.Collect$$_printf_percent$$00000014) for _printf_s
    main.o(i.main) refers to printf1.o(x$fpl$printf1) for _printf_fp_dec
    main.o(i.main) refers to _printf_str.o(.text) for _printf_str
    main.o(i.main) refers to main.o(i.Delay_Config) for Delay_Config
    main.o(i.main) refers to main.o(i.I2C1_Init) for I2C1_Init
    main.o(i.main) refers to main.o(i.I2C2_Init) for I2C2_Init
    main.o(i.main) refers to main.o(i.lcd_init) for lcd_init
    main.o(i.main) refers to main.o(i.QMC5883L_Init) for QMC5883L_Init
    main.o(i.main) refers to main.o(i.QMC5883L_ReadData) for QMC5883L_ReadData
    main.o(i.main) refers to main.o(i.lcd_put_cur) for lcd_put_cur
    main.o(i.main) refers to main.o(i.lcd_send_string) for lcd_send_string
    main.o(i.main) refers to main.o(i.QMC5883L_Calibrate) for QMC5883L_Calibrate
    main.o(i.main) refers to main.o(i.lcd_clear) for lcd_clear
    main.o(i.main) refers to main.o(i.QMC5883L_GetCalibratedData) for QMC5883L_GetCalibratedData
    main.o(i.main) refers to noretval__2sprintf.o(.text) for __2sprintf
    main.o(i.main) refers to fflt_clz.o(x$fpl$fflt) for __aeabi_i2f
    main.o(i.main) refers to main.o(i.CalculateHeading) for CalculateHeading
    main.o(i.main) refers to main.o(i.CalculateDirect) for CalculateDirect
    main.o(i.main) refers to f2d.o(x$fpl$f2d) for __aeabi_f2d
    main.o(i.main) refers to main.o(i.Delay_ms) for Delay_ms
    startup_stm32f10x_md.o(STACK) refers (Special) to heapauxi.o(.text) for __use_two_region_memory
    startup_stm32f10x_md.o(HEAP) refers (Special) to heapauxi.o(.text) for __use_two_region_memory
[...]
    libinit.o(.ARM.Collect$$libinit$$00000000) refers (Special) to libinit2.o(.ARM.Collect$$libinit$$00000019) for __rt_lib_init_lc_time_1
    libinit.o(.ARM.Collect$$libinit$$00000000) refers (Special) to libinit2.o(.ARM.Collect$$libinit$$00000004) for __rt_lib_init_preinit_1
    libinit.o(.ARM.Collect$$libinit$$00000000) refers (Special) to libinit2.o(.ARM.Collect$$libinit$$0000000E) for __rt_lib_init_rand_1
    libinit.o(.ARM.Collect$$libinit$$00000000) refers (Special) to libinit2.o(.ARM.Collect$$libinit$$00000033) for __rt_lib_init_return
    libinit.o(.ARM.Collect$$libinit$$00000000) refers (Special) to libinit2.o(.ARM.Collect$$libinit$$0000001D) for __rt_lib_init_signal_1
    libinit.o(.ARM.Collect$$libinit$$00000000) refers (Special) to libinit2.o(.ARM.Collect$$libinit$$00000025) for __rt_lib_init_stdio_1
    libinit.o(.ARM.Collect$$libinit$$00000000) refers (Special) to libinit2.o(.ARM.Collect$$libinit$$0000000C) for __rt_lib_init_user_alloc_1
    libinit2.o(.ARM.Collect$$libinit$$0000000F) refers (Weak) to rt_locale_intlibspace.o(.text) for __rt_locale
    libinit2.o(.ARM.Collect$$libinit$$00000010) refers to libinit2.o(.ARM.Collect$$libinit$$0000000F) for .ARM.Collect$$libinit$$0000000F
    libinit2.o(.ARM.Collect$$libinit$$00000012) refers to libinit2.o(.ARM.Collect$$libinit$$0000000F) for .ARM.Collect$$libinit$$0000000F
    libinit2.o(.ARM.Collect$$libinit$$00000014) refers to libinit2.o(.ARM.Collect$$libinit$$0000000F) for .ARM.Collect$$libinit$$0000000F
    libinit2.o(.ARM.Collect$$libinit$$00000016) refers to libinit2.o(.ARM.Collect$$libinit$$0000000F) for .ARM.Collect$$libinit$$0000000F
    libinit2.o(.ARM.Collect$$libinit$$00000016) refers (Weak) to lc_numeric_c.o(locale$$code) for _get_lc_numeric
    libinit2.o(.ARM.Collect$$libinit$$00000018) refers to libinit2.o(.ARM.Collect$$libinit$$0000000F) for .ARM.Collect$$libinit$$0000000F
    libinit2.o(.ARM.Collect$$libinit$$00000026) refers to argv_veneer.o(.emb_text) for __ARM_argv_veneer
    libinit2.o(.ARM.Collect$$libinit$$00000027) refers to argv_veneer.o(.emb_text) for __ARM_argv_veneer
    dcheck1.o(x$fpl$dcheck1) refers (Special) to usenofp.o(x$fpl$usenofp) for __I$use$fp
    dcheck1.o(x$fpl$dcheck1) refers to retnan.o(x$fpl$retnan) for __fpl_return_NaN
    rtexit.o(.ARM.Collect$$rtexit$$00000000) refers (Special) to rtexit2.o(.ARM.Collect$$rtexit$$00000004) for __rt_exit_exit
    rtexit.o(.ARM.Collect$$rtexit$$00000000) refers (Special) to rtexit2.o(.ARM.Collect$$rtexit$$00000003) for __rt_exit_ls
    rtexit.o(.ARM.Collect$$rtexit$$00000000) refers (Special) to rtexit2.o(.ARM.Collect$$rtexit$$00000002) for __rt_exit_prels_1
    rtexit.o(.ARM.exidx) refers (Special) to rtexit2.o(.ARM.Collect$$rtexit$$00000004) for __rt_exit_exit
    rtexit.o(.ARM.exidx) refers (Special) to rtexit2.o(.ARM.Collect$$rtexit$$00000003) for __rt_exit_ls
    rtexit.o(.ARM.exidx) refers (Special) to rtexit2.o(.ARM.Collect$$rtexit$$00000002) for __rt_exit_prels_1
    rtexit.o(.ARM.exidx) refers to rtexit.o(.ARM.Collect$$rtexit$$00000000) for .ARM.Collect$$rtexit$$00000000
    argv_veneer.o(.emb_text) refers to no_argv.o(.text) for __ARM_get_argv
    retnan.o(x$fpl$retnan) refers (Special) to usenofp.o(x$fpl$usenofp) for __I$use$fp
    retnan.o(x$fpl$retnan) refers to trapv.o(x$fpl$trapveneer) for __fpl_cmpreturn
    rtexit2.o(.ARM.Collect$$rtexit$$00000003) refers to libshutdown.o(.ARM.Collect$$libshutdown$$00000000) for __rt_lib_shutdown
    rtexit2.o(.ARM.Collect$$rtexit$$00000004) refers to sys_exit.o(.text) for _sys_exit
    rtexit2.o(.ARM.exidx) refers to rtexit2.o(.ARM.Collect$$rtexit$$00000001) for .ARM.Collect$$rtexit$$00000001
    rtexit2.o(.ARM.exidx) refers to rtexit2.o(.ARM.Collect$$rtexit$$00000003) for .ARM.Collect$$rtexit$$00000003
    rtexit2.o(.ARM.exidx) refers to rtexit2.o(.ARM.Collect$$rtexit$$00000004) for .ARM.Collect$$rtexit$$00000004
    _get_argv_nomalloc.o(.text) refers (Special) to hrguard.o(.text) for __heap_region$guard
    _get_argv_nomalloc.o(.text) refers to defsig_rtmem_outer.o(.text) for __rt_SIGRTMEM
    _get_argv_nomalloc.o(.text) refers to sys_command.o(.text) for _sys_command_string
    trapv.o(x$fpl$trapveneer) refers (Special) to usenofp.o(x$fpl$usenofp) for __I$use$fp
    sys_command.o(.text) refers (Special) to use_no_semi.o(.text) for __I$use$semihosting
    sys_command.o(.text) refers (Special) to indicate_semi.o(.text) for __semihosting_library_function
    sys_exit.o(.text) refers (Special) to use_no_semi.o(.text) for __I$use$semihosting
    sys_exit.o(.text) refers (Special) to indicate_semi.o(.text) for __semihosting_library_function
    defsig_rtmem_outer.o(.text) refers to defsig_rtmem_inner.o(.text) for __rt_SIGRTMEM_inner
    defsig_rtmem_outer.o(.text) refers to defsig_exit.o(.text) for __sig_exit
    defsig_rtmem_formal.o(.text) refers to rt_raise.o(.text) for __rt_raise
    libshutdown.o(.ARM.Collect$$libshutdown$$00000000) refers (Special) to libshutdown2.o(.ARM.Collect$$libshutdown$$00000004) for __rt_lib_shutdown_cpp_1
    libshutdown.o(.ARM.Collect$$libshutdown$$00000000) refers (Special) to libshutdown2.o(.ARM.Collect$$libshutdown$$00000002) for __rt_lib_shutdown_fini_1
    libshutdown.o(.ARM.Collect$$libshutdown$$00000000) refers (Special) to libshutdown2.o(.ARM.Collect$$libshutdown$$00000009) for __rt_lib_shutdown_fp_trap_1
    libshutdown.o(.ARM.Collect$$libshutdown$$00000000) refers (Special) to libshutdown2.o(.ARM.Collect$$libshutdown$$00000011) for __rt_lib_shutdown_heap_1
    libshutdown.o(.ARM.Collect$$libshutdown$$00000000) refers (Special) to libshutdown2.o(.ARM.Collect$$libshutdown$$00000012) for __rt_lib_shutdown_return
    libshutdown.o(.ARM.Collect$$libshutdown$$00000000) refers (Special) to libshutdown2.o(.ARM.Collect$$libshutdown$$0000000C) for __rt_lib_shutdown_signal_1
    libshutdown.o(.ARM.Collect$$libshutdown$$00000000) refers (Special) to libshutdown2.o(.ARM.Collect$$libshutdown$$00000006) for __rt_lib_shutdown_stdio_1
    libshutdown.o(.ARM.Collect$$libshutdown$$00000000) refers (Special) to libshutdown2.o(.ARM.Collect$$libshutdown$$0000000E) for __rt_lib_shutdown_user_alloc_1
    rt_raise.o(.text) refers to __raise.o(.text) for __raise
    rt_raise.o(.text) refers to sys_exit.o(.text) for _sys_exit
    defsig_exit.o(.text) refers to sys_exit.o(.text) for _sys_exit
    defsig_rtmem_inner.o(.text) refers to defsig_general.o(.text) for __default_signal_display
    __raise.o(.text) refers to defsig.o(CL$$defsig) for __default_signal_handler
    defsig_general.o(.text) refers to sys_wrch.o(.text) for _ttywrch
    sys_wrch.o(.text) refers (Special) to use_no_semi.o(.text) for __I$use$semihosting
    sys_wrch.o(.text) refers (Special) to indicate_semi.o(.text) for __semihosting_library_function
    defsig.o(CL$$defsig) refers to defsig_rtmem_inner.o(.text) for __rt_SIGRTMEM_inner
    defsig_abrt_inner.o(.text) refers to defsig_general.o(.text) for __default_signal_display
    defsig_fpe_inner.o(.text) refers to defsig_general.o(.text) for __default_signal_display
    defsig_rtred_inner.o(.text) refers to defsig_general.o(.text) for __default_signal_display
    defsig_stak_inner.o(.text) refers to defsig_general.o(.text) for __default_signal_display
    defsig_pvfn_inner.o(.text) refers to defsig_general.o(.text) for __default_signal_display
    defsig_cppl_inner.o(.text) refers to defsig_general.o(.text) for __default_signal_display
    defsig_segv_inner.o(.text) refers to defsig_general.o(.text) for __default_signal_display
    defsig_other.o(.text) refers to defsig_general.o(.text) for __default_signal_display


==============================================================================

Removing Unused input sections from the image.

    Removing main.o(.rev16_text), (4 bytes).
    Removing main.o(.revsh_text), (4 bytes).
    Removing main.o(.rrx_text), (6 bytes).
    Removing main.o(i.I2C2_Stop), (20 bytes).
    Removing main.o(i.I2C2_Write), (48 bytes).
    Removing main.o(i.I2C2_WriteMul), (68 bytes).
    Removing main.o(.bss), (100 bytes).
    Removing system_stm32f10x.o(.rev16_text), (4 bytes).
    Removing system_stm32f10x.o(.revsh_text), (4 bytes).
    Removing system_stm32f10x.o(.rrx_text), (6 bytes).
    Removing system_stm32f10x.o(i.SystemCoreClockUpdate), (164 bytes).
    Removing system_stm32f10x.o(.data), (20 bytes).

12 unused section(s) (total 448 bytes) removed from the image.

==============================================================================

Image Symbol Table

    Local Symbols

    Symbol Name                              Value     Ov Type        Size  Object(Section)

    ../clib/angel/boardlib.s                 0x00000000   Number         0  boardinit1.o ABSOLUTE
    ../clib/angel/boardlib.s                 0x00000000   Number         0  boardinit2.o ABSOLUTE
    ../clib/angel/boardlib.s                 0x00000000   Number         0  boardshut.o ABSOLUTE
    ../clib/angel/boardlib.s                 0x00000000   Number         0  boardinit3.o ABSOLUTE
    ../clib/angel/handlers.s                 0x00000000   Number         0  __scatter_copy.o ABSOLUTE
    ../clib/angel/handlers.s                 0x00000000   Number         0  __scatter_zi.o ABSOLUTE
    ../clib/angel/kernel.s                   0x00000000   Number         0  rtexit.o ABSOLUTE
    ../clib/angel/kernel.s                   0x00000000   Number         0  __rtentry.o ABSOLUTE
    ../clib/angel/kernel.s                   0x00000000   Number         0  rtexit2.o ABSOLUTE
    ../clib/angel/kernel.s                   0x00000000   Number         0  __rtentry4.o ABSOLUTE
    ../clib/angel/kernel.s                   0x00000000   Number         0  __rtentry2.o ABSOLUTE
    ../clib/angel/rt.s                       0x00000000   Number         0  rt_errno_addr_intlibspace.o ABSOLUTE
    ../clib/angel/rt.s                       0x00000000   Number         0  rt_errno_addr.o ABSOLUTE
    ../clib/angel/rt.s                       0x00000000   Number         0  rt_locale_intlibspace.o ABSOLUTE
    ../clib/angel/rt.s                       0x00000000   Number         0  rt_raise.o ABSOLUTE
    ../clib/angel/rt.s                       0x00000000   Number         0  rt_locale.o ABSOLUTE
    ../clib/angel/scatter.s                  0x00000000   Number         0  __scatter.o ABSOLUTE
    ../clib/angel/startup.s                  0x00000000   Number         0  __main.o ABSOLUTE
    ../clib/angel/sys.s                      0x00000000   Number         0  libspace.o ABSOLUTE
    ../clib/angel/sys.s                      0x00000000   Number         0  indicate_semi.o ABSOLUTE
    ../clib/angel/sys.s                      0x00000000   Number         0  use_no_semi.o ABSOLUTE
    ../clib/angel/sys.s                      0x00000000   Number         0  sys_stackheap_outer.o ABSOLUTE
    ../clib/angel/sysapp.c                   0x00000000   Number         0  sys_command.o ABSOLUTE
    ../clib/angel/sysapp.c                   0x00000000   Number         0  sys_exit.o ABSOLUTE
    ../clib/angel/sysapp.c                   0x00000000   Number         0  sys_wrch.o ABSOLUTE
    ../clib/armsys.c                         0x00000000   Number         0  _get_argv_nomalloc.o ABSOLUTE
    ../clib/armsys.c                         0x00000000   Number         0  argv_veneer.o ABSOLUTE
    ../clib/armsys.c                         0x00000000   Number         0  argv_veneer.o ABSOLUTE
    ../clib/armsys.c                         0x00000000   Number         0  no_argv.o ABSOLUTE
    ../clib/bigflt.c                         0x00000000   Number         0  bigflt0.o ABSOLUTE
    ../clib/btod.s                           0x00000000   Number         0  btod.o ABSOLUTE
    ../clib/fenv.c                           0x00000000   Number         0  _rserrno.o ABSOLUTE
    ../clib/heapalloc.c                      0x00000000   Number         0  hrguard.o ABSOLUTE
    ../clib/heapaux.c                        0x00000000   Number         0  heapauxi.o ABSOLUTE
    ../clib/libinit.s                        0x00000000   Number         0  libinit2.o ABSOLUTE
    ../clib/libinit.s                        0x00000000   Number         0  libinit.o ABSOLUTE
    ../clib/libinit.s                        0x00000000   Number         0  libshutdown2.o ABSOLUTE
    ../clib/libinit.s                        0x00000000   Number         0  libshutdown.o ABSOLUTE
    ../clib/locale.s                         0x00000000   Number         0  lc_numeric_c.o ABSOLUTE
    ../clib/longlong.s                       0x00000000   Number         0  lludiv10.o ABSOLUTE
    ../clib/memcpset.s                       0x00000000   Number         0  strcmpv7m.o ABSOLUTE
    ../clib/misc.s                           0x00000000   Number         0  printf_stubs.o ABSOLUTE
    ../clib/printf.c                         0x00000000   Number         0  __2sprintf.o ABSOLUTE
    ../clib/printf.c                         0x00000000   Number         0  noretval__2sprintf.o ABSOLUTE
    ../clib/printf.c                         0x00000000   Number         0  __printf_flags_ss_wp.o ABSOLUTE
    ../clib/printf.c                         0x00000000   Number         0  __printf.o ABSOLUTE
    ../clib/printf.c                         0x00000000   Number         0  _printf_str.o ABSOLUTE
    ../clib/printf.c                         0x00000000   Number         0  _printf_dec.o ABSOLUTE
    ../clib/printf.c                         0x00000000   Number         0  __printf_flags.o ABSOLUTE
    ../clib/printf.c                         0x00000000   Number         0  __printf_ss.o ABSOLUTE
    ../clib/printf.c                         0x00000000   Number         0  __printf_flags_ss.o ABSOLUTE
    ../clib/printf.c                         0x00000000   Number         0  __printf_wp.o ABSOLUTE
    ../clib/printf.c                         0x00000000   Number         0  _printf_fp_dec.o ABSOLUTE
    ../clib/printf.c                         0x00000000   Number         0  _printf_char_common.o ABSOLUTE
    ../clib/printf.c                         0x00000000   Number         0  _printf_intcommon.o ABSOLUTE
    ../clib/printf.c                         0x00000000   Number         0  __printf_nopercent.o ABSOLUTE
    ../clib/printf.c                         0x00000000   Number         0  _printf_fp_infnan.o ABSOLUTE
    ../clib/printf.c                         0x00000000   Number         0  __printf_flags_wp.o ABSOLUTE
    ../clib/printf.c                         0x00000000   Number         0  __printf_ss_wp.o ABSOLUTE
    ../clib/printf.c                         0x00000000   Number         0  _printf_char.o ABSOLUTE
    ../clib/printf.c                         0x00000000   Number         0  _sputc.o ABSOLUTE
    ../clib/printf_percent.s                 0x00000000   Number         0  _printf_percent_end.o ABSOLUTE
    ../clib/printf_percent.s                 0x00000000   Number         0  _printf_s.o ABSOLUTE
    ../clib/printf_percent.s                 0x00000000   Number         0  _printf_f.o ABSOLUTE
    ../clib/printf_percent.s                 0x00000000   Number         0  _printf_percent.o ABSOLUTE
    ../clib/printf_percent.s                 0x00000000   Number         0  _printf_d.o ABSOLUTE
    ../clib/signal.c                         0x00000000   Number         0  defsig_rtmem_outer.o ABSOLUTE
    ../clib/signal.c                         0x00000000   Number         0  defsig_other.o ABSOLUTE
    ../clib/signal.c                         0x00000000   Number         0  defsig_rtmem_formal.o ABSOLUTE
    ../clib/signal.c                         0x00000000   Number         0  defsig_segv_inner.o ABSOLUTE
    ../clib/signal.c                         0x00000000   Number         0  defsig_cppl_inner.o ABSOLUTE
    ../clib/signal.c                         0x00000000   Number         0  defsig_pvfn_inner.o ABSOLUTE
    ../clib/signal.c                         0x00000000   Number         0  defsig_stak_inner.o ABSOLUTE
    ../clib/signal.c                         0x00000000   Number         0  defsig_rtred_inner.o ABSOLUTE
    ../clib/signal.c                         0x00000000   Number         0  defsig_fpe_inner.o ABSOLUTE
    ../clib/signal.c                         0x00000000   Number         0  defsig_abrt_inner.o ABSOLUTE
    ../clib/signal.c                         0x00000000   Number         0  defsig_general.o ABSOLUTE
    ../clib/signal.c                         0x00000000   Number         0  __raise.o ABSOLUTE
    ../clib/signal.c                         0x00000000   Number         0  defsig_rtmem_inner.o ABSOLUTE
    ../clib/signal.c                         0x00000000   Number         0  defsig_exit.o ABSOLUTE
    ../clib/signal.s                         0x00000000   Number         0  defsig.o ABSOLUTE
    ../clib/stdlib.c                         0x00000000   Number         0  exit.o ABSOLUTE
    ../fplib/d2f.s                           0x00000000   Number         0  d2f.o ABSOLUTE
    ../fplib/daddsub.s                       0x00000000   Number         0  daddsub_clz.o ABSOLUTE
    ../fplib/dcheck1.s                       0x00000000   Number         0  dcheck1.o ABSOLUTE
    ../fplib/dcmpi.s                         0x00000000   Number         0  dcmpi.o ABSOLUTE
    ../fplib/ddiv.s                          0x00000000   Number         0  ddiv.o ABSOLUTE
    ../fplib/deqf.s                          0x00000000   Number         0  deqf.o ABSOLUTE
    ../fplib/dflt.s                          0x00000000   Number         0  dflt_clz.o ABSOLUTE
    ../fplib/dmul.s                          0x00000000   Number         0  dmul.o ABSOLUTE
    ../fplib/dnaninf.s                       0x00000000   Number         0  dnaninf.o ABSOLUTE
    ../fplib/dretinf.s                       0x00000000   Number         0  dretinf.o ABSOLUTE
    ../fplib/f2d.s                           0x00000000   Number         0  f2d.o ABSOLUTE
    ../fplib/faddsub.s                       0x00000000   Number         0  faddsub_clz.o ABSOLUTE
    ../fplib/fcmpi.s                         0x00000000   Number         0  fcmpi.o ABSOLUTE
    ../fplib/ffix.s                          0x00000000   Number         0  ffix.o ABSOLUTE
    ../fplib/fflt.s                          0x00000000   Number         0  fflt_clz.o ABSOLUTE
    ../fplib/fleqf.s                         0x00000000   Number         0  fleqf.o ABSOLUTE
    ../fplib/fnaninf.s                       0x00000000   Number         0  fnaninf.o ABSOLUTE
    ../fplib/fpinit.s                        0x00000000   Number         0  fpinit.o ABSOLUTE
    ../fplib/fretinf.s                       0x00000000   Number         0  fretinf.o ABSOLUTE
    ../fplib/istatus.s                       0x00000000   Number         0  istatus.o ABSOLUTE
    ../fplib/printf1.s                       0x00000000   Number         0  printf1.o ABSOLUTE
    ../fplib/retnan.s                        0x00000000   Number         0  retnan.o ABSOLUTE
    ../fplib/scalbn.s                        0x00000000   Number         0  scalbn.o ABSOLUTE
    ../fplib/trapv.s                         0x00000000   Number         0  trapv.o ABSOLUTE
    ../fplib/usenofp.s                       0x00000000   Number         0  usenofp.o ABSOLUTE
    ../mathlib/atan.c                        0x00000000   Number         0  atan.o ABSOLUTE
    ../mathlib/atan.c                        0x00000000   Number         0  atan_x.o ABSOLUTE
    ../mathlib/atan2.c                       0x00000000   Number         0  atan2_x.o ABSOLUTE
    ../mathlib/atan2.c                       0x00000000   Number         0  atan2.o ABSOLUTE
    ../mathlib/dunder.c                      0x00000000   Number         0  dunder.o ABSOLUTE
    ../mathlib/fpclassify.c                  0x00000000   Number         0  fpclassify.o ABSOLUTE
    ../mathlib/poly.c                        0x00000000   Number         0  poly.o ABSOLUTE
    ../mathlib/qnan.c                        0x00000000   Number         0  qnan.o ABSOLUTE
    Main.c                                   0x00000000   Number         0  main.o ABSOLUTE
    Main.c                                   0x00000000   Number         0  main.o ABSOLUTE
    RTE/Device/STM32F103C8/startup_stm32f10x_md.s 0x00000000   Number         0  startup_stm32f10x_md.o ABSOLUTE
    RTE/Device/STM32F103C8/system_stm32f10x.c 0x00000000   Number         0  system_stm32f10x.o ABSOLUTE
    RTE\Device\STM32F103C8\system_stm32f10x.c 0x00000000   Number         0  system_stm32f10x.o ABSOLUTE
    dc.s                                     0x00000000   Number         0  dc.o ABSOLUTE
    RESET                                    0x08000000   Section      236  startup_stm32f10x_md.o(RESET)
    !!!main                                  0x080000ec   Section        8  __main.o(!!!main)
    !!!scatter                               0x080000f4   Section       52  __scatter.o(!!!scatter)
    !!handler_copy                           0x08000128   Section       26  __scatter_copy.o(!!handler_copy)
    !!handler_zi                             0x08000144   Section       28  __scatter_zi.o(!!handler_zi)
    .ARM.Collect$$_printf_percent$$00000000  0x08000160   Section        0  _printf_percent.o(.ARM.Collect$$_printf_percent$$00000000)
    .ARM.Collect$$_printf_percent$$00000003  0x08000160   Section        6  _printf_f.o(.ARM.Collect$$_printf_percent$$00000003)
    .ARM.Collect$$_printf_percent$$00000009  0x08000166   Section        6  _printf_d.o(.ARM.Collect$$_printf_percent$$00000009)
    .ARM.Collect$$_printf_percent$$00000014  0x0800016c   Section        6  _printf_s.o(.ARM.Collect$$_printf_percent$$00000014)
    .ARM.Collect$$_printf_percent$$00000017  0x08000172   Section        4  _printf_percent_end.o(.ARM.Collect$$_printf_percent$$00000017)
    .ARM.Collect$$libinit$$00000000          0x08000176   Section        2  libinit.o(.ARM.Collect$$libinit$$00000000)
    .ARM.Collect$$libinit$$00000002          0x08000178   Section        0  libinit2.o(.ARM.Collect$$libinit$$00000002)
    .ARM.Collect$$libinit$$00000004          0x08000178   Section        0  libinit2.o(.ARM.Collect$$libinit$$00000004)
    .ARM.Collect$$libinit$$0000000A          0x08000178   Section        0  libinit2.o(.ARM.Collect$$libinit$$0000000A)
    .ARM.Collect$$libinit$$0000000C          0x08000178   Section        0  libinit2.o(.ARM.Collect$$libinit$$0000000C)
    .ARM.Collect$$libinit$$0000000E          0x08000178   Section        0  libinit2.o(.ARM.Collect$$libinit$$0000000E)
    .ARM.Collect$$libinit$$0000000F          0x08000178   Section        6  libinit2.o(.ARM.Collect$$libinit$$0000000F)
    .ARM.Collect$$libinit$$00000011          0x0800017e   Section        0  libinit2.o(.ARM.Collect$$libinit$$00000011)
    .ARM.Collect$$libinit$$00000013          0x0800017e   Section        0  libinit2.o(.ARM.Collect$$libinit$$00000013)
    .ARM.Collect$$libinit$$00000015          0x0800017e   Section        0  libinit2.o(.ARM.Collect$$libinit$$00000015)
    .ARM.Collect$$libinit$$00000016          0x0800017e   Section       10  libinit2.o(.ARM.Collect$$libinit$$00000016)
    .ARM.Collect$$libinit$$00000017          0x08000188   Section        0  libinit2.o(.ARM.Collect$$libinit$$00000017)
    .ARM.Collect$$libinit$$00000019          0x08000188   Section        0  libinit2.o(.ARM.Collect$$libinit$$00000019)
    .ARM.Collect$$libinit$$0000001B          0x08000188   Section        0  libinit2.o(.ARM.Collect$$libinit$$0000001B)
    .ARM.Collect$$libinit$$0000001D          0x08000188   Section        0  libinit2.o(.ARM.Collect$$libinit$$0000001D)
    .ARM.Collect$$libinit$$0000001F          0x08000188   Section        0  libinit2.o(.ARM.Collect$$libinit$$0000001F)
    .ARM.Collect$$libinit$$00000021          0x08000188   Section        0  libinit2.o(.ARM.Collect$$libinit$$00000021)
    .ARM.Collect$$libinit$$00000023          0x08000188   Section        0  libinit2.o(.ARM.Collect$$libinit$$00000023)
    .ARM.Collect$$libinit$$00000025          0x08000188   Section        0  libinit2.o(.ARM.Collect$$libinit$$00000025)
    .ARM.Collect$$libinit$$0000002C          0x08000188   Section        0  libinit2.o(.ARM.Collect$$libinit$$0000002C)
    .ARM.Collect$$libinit$$0000002E          0x08000188   Section        0  libinit2.o(.ARM.Collect$$libinit$$0000002E)
    .ARM.Collect$$libinit$$00000030          0x08000188   Section        0  libinit2.o(.ARM.Collect$$libinit$$00000030)
    .ARM.Collect$$libinit$$00000032          0x08000188   Section        0  libinit2.o(.ARM.Collect$$libinit$$00000032)
    .ARM.Collect$$libinit$$00000033          0x08000188   Section        2  libinit2.o(.ARM.Collect$$libinit$$00000033)
    .ARM.Collect$$libshutdown$$00000000      0x0800018a   Section        2  libshutdown.o(.ARM.Collect$$libshutdown$$00000000)
    .ARM.Collect$$libshutdown$$00000002      0x0800018c   Section        0  libshutdown2.o(.ARM.Collect$$libshutdown$$00000002)
    .ARM.Collect$$libshutdown$$00000004      0x0800018c   Section        0  libshutdown2.o(.ARM.Collect$$libshutdown$$00000004)
    .ARM.Collect$$libshutdown$$00000006      0x0800018c   Section        0  libshutdown2.o(.ARM.Collect$$libshutdown$$00000006)
    .ARM.Collect$$libshutdown$$00000009      0x0800018c   Section        0  libshutdown2.o(.ARM.Collect$$libshutdown$$00000009)
    .ARM.Collect$$libshutdown$$0000000C      0x0800018c   Section        0  libshutdown2.o(.ARM.Collect$$libshutdown$$0000000C)
    .ARM.Collect$$libshutdown$$0000000E      0x0800018c   Section        0  libshutdown2.o(.ARM.Collect$$libshutdown$$0000000E)
    .ARM.Collect$$libshutdown$$00000011      0x0800018c   Section        0  libshutdown2.o(.ARM.Collect$$libshutdown$$00000011)
    .ARM.Collect$$libshutdown$$00000012      0x0800018c   Section        2  libshutdown2.o(.ARM.Collect$$libshutdown$$00000012)
    .ARM.Collect$$rtentry$$00000000          0x0800018e   Section        0  __rtentry.o(.ARM.Collect$$rtentry$$00000000)
    .ARM.Collect$$rtentry$$00000002          0x0800018e   Section        0  __rtentry2.o(.ARM.Collect$$rtentry$$00000002)
    .ARM.Collect$$rtentry$$00000004          0x0800018e   Section        6  __rtentry4.o(.ARM.Collect$$rtentry$$00000004)
    .ARM.Collect$$rtentry$$00000009          0x08000194   Section        0  __rtentry2.o(.ARM.Collect$$rtentry$$00000009)
    .ARM.Collect$$rtentry$$0000000A          0x08000194   Section        4  __rtentry2.o(.ARM.Collect$$rtentry$$0000000A)
    .ARM.Collect$$rtentry$$0000000C          0x08000198   Section        0  __rtentry2.o(.ARM.Collect$$rtentry$$0000000C)
    .ARM.Collect$$rtentry$$0000000D          0x08000198   Section        8  __rtentry2.o(.ARM.Collect$$rtentry$$0000000D)
    .ARM.Collect$$rtexit$$00000000           0x080001a0   Section        2  rtexit.o(.ARM.Collect$$rtexit$$00000000)
    .ARM.Collect$$rtexit$$00000002           0x080001a2   Section        0  rtexit2.o(.ARM.Collect$$rtexit$$00000002)
    .ARM.Collect$$rtexit$$00000003           0x080001a2   Section        4  rtexit2.o(.ARM.Collect$$rtexit$$00000003)
    .ARM.Collect$$rtexit$$00000004           0x080001a6   Section        6  rtexit2.o(.ARM.Collect$$rtexit$$00000004)
    .text                                    0x080001ac   Section       64  startup_stm32f10x_md.o(.text)
    .text                                    0x080001ec   Section        0  noretval__2sprintf.o(.text)
    .text                                    0x08000214   Section        0  _printf_str.o(.text)
    .text                                    0x08000268   Section        0  _printf_dec.o(.text)
    .text                                    0x080002e0   Section        0  __printf_wp.o(.text)
    .text                                    0x080003ee   Section        0  heapauxi.o(.text)
    .text                                    0x080003f4   Section        0  _rserrno.o(.text)
    .text                                    0x0800040a   Section        0  _printf_intcommon.o(.text)
    .text                                    0x080004bc   Section        0  _printf_fp_dec.o(.text)
    _fp_digits                               0x080004bf   Thumb Code   432  _printf_fp_dec.o(.text)
    .text                                    0x080008dc   Section        0  _printf_char_common.o(.text)
    _printf_input_char                       0x080008dd   Thumb Code    10  _printf_char_common.o(.text)
    .text                                    0x0800090c   Section        0  _sputc.o(.text)
    .text                                    0x08000916   Section        0  _printf_char.o(.text)
    .text                                    0x08000944   Section        8  rt_locale_intlibspace.o(.text)
    .text                                    0x0800094c   Section        8  rt_errno_addr_intlibspace.o(.text)
    .text                                    0x08000954   Section      138  lludiv10.o(.text)
    .text                                    0x080009e0   Section        0  _printf_fp_infnan.o(.text)
    .text                                    0x08000a60   Section        0  bigflt0.o(.text)
    .text                                    0x08000b44   Section        8  libspace.o(.text)
    .text                                    0x08000b4c   Section       74  sys_stackheap_outer.o(.text)
    .text                                    0x08000b96   Section        0  exit.o(.text)
    .text                                    0x08000ba8   Section      128  strcmpv7m.o(.text)
    .text                                    0x08000c28   Section        0  sys_exit.o(.text)
    .text                                    0x08000c34   Section        2  use_no_semi.o(.text)
    .text                                    0x08000c36   Section        0  indicate_semi.o(.text)
    CL$$btod_d2e                             0x08000c36   Section       62  btod.o(CL$$btod_d2e)
    CL$$btod_d2e_denorm_low                  0x08000c74   Section       70  btod.o(CL$$btod_d2e_denorm_low)
    CL$$btod_d2e_norm_op1                    0x08000cba   Section       96  btod.o(CL$$btod_d2e_norm_op1)
    CL$$btod_div_common                      0x08000d1a   Section      824  btod.o(CL$$btod_div_common)
    CL$$btod_e2e                             0x08001052   Section      220  btod.o(CL$$btod_e2e)
    CL$$btod_ediv                            0x0800112e   Section       42  btod.o(CL$$btod_ediv)
    CL$$btod_emul                            0x08001158   Section       42  btod.o(CL$$btod_emul)
    CL$$btod_mult_common                     0x08001182   Section      580  btod.o(CL$$btod_mult_common)
    i.CalculateDirect                        0x080013c8   Section        0  main.o(i.CalculateDirect)
    i.CalculateHeading                       0x0800146c   Section        0  main.o(i.CalculateHeading)
    i.Delay_Config                           0x080014e4   Section        0  main.o(i.Delay_Config)
    i.Delay_ms                               0x08001518   Section        0  main.o(i.Delay_ms)
    i.Delay_us                               0x08001530   Section        0  main.o(i.Delay_us)
    i.I2C1_Init                              0x08001548   Section        0  main.o(i.I2C1_Init)
    i.I2C1_ReadData                          0x080015e0   Section        0  main.o(i.I2C1_ReadData)
    i.I2C1_WriteData                         0x080016bc   Section        0  main.o(i.I2C1_WriteData)
    i.I2C2_Address                           0x08001738   Section        0  main.o(i.I2C2_Address)
    i.I2C2_Init                              0x08001764   Section        0  main.o(i.I2C2_Init)
    i.I2C2_Start                             0x080017ec   Section        0  main.o(i.I2C2_Start)
    i.LCD_Write                              0x08001820   Section        0  main.o(i.LCD_Write)
    i.QMC5883L_Calibrate                     0x08001868   Section        0  main.o(i.QMC5883L_Calibrate)
    i.QMC5883L_GetCalibratedData             0x08001964   Section        0  main.o(i.QMC5883L_GetCalibratedData)
    i.QMC5883L_Init                          0x080019e4   Section        0  main.o(i.QMC5883L_Init)
    i.QMC5883L_ReadData                      0x080019f2   Section        0  main.o(i.QMC5883L_ReadData)
    i.SetSysClock                            0x08001a30   Section        0  system_stm32f10x.o(i.SetSysClock)
    SetSysClock                              0x08001a31   Thumb Code     8  system_stm32f10x.o(i.SetSysClock)
    i.SetSysClockTo72                        0x08001a38   Section        0  system_stm32f10x.o(i.SetSysClockTo72)
    SetSysClockTo72                          0x08001a39   Thumb Code   214  system_stm32f10x.o(i.SetSysClockTo72)
    i.SystemInit                             0x08001b18   Section        0  system_stm32f10x.o(i.SystemInit)
    i.__ARM_fpclassify                       0x08001b78   Section        0  fpclassify.o(i.__ARM_fpclassify)
    i.__kernel_poly                          0x08001ba0   Section        0  poly.o(i.__kernel_poly)
    i.__mathlib_dbl_infnan                   0x08001c4a   Section        0  dunder.o(i.__mathlib_dbl_infnan)
    i.__mathlib_dbl_infnan2                  0x08001c50   Section        0  dunder.o(i.__mathlib_dbl_infnan2)
    i.__mathlib_dbl_underflow                0x08001c54   Section        0  dunder.o(i.__mathlib_dbl_underflow)
    i._is_digit                              0x08001c64   Section        0  __printf_wp.o(i._is_digit)
    i.atan                                   0x08001c74   Section        0  atan.o(i.atan)
    i.atan2                                  0x08001e94   Section        0  atan2.o(i.atan2)
    i.lcd_clear                              0x08002030   Section        0  main.o(i.lcd_clear)
    i.lcd_init                               0x0800204a   Section        0  main.o(i.lcd_init)
    i.lcd_put_cur                            0x080020c0   Section        0  main.o(i.lcd_put_cur)
    i.lcd_send_cmd                           0x080020e4   Section        0  main.o(i.lcd_send_cmd)
    i.lcd_send_data                          0x0800211e   Section        0  main.o(i.lcd_send_data)
    i.lcd_send_string                        0x08002158   Section        0  main.o(i.lcd_send_string)
    i.main                                   0x08002170   Section        0  main.o(i.main)
    locale$$code                             0x08002254   Section       44  lc_numeric_c.o(locale$$code)
    x$fpl$d2f                                0x08002280   Section       98  d2f.o(x$fpl$d2f)
    x$fpl$dadd                               0x080022e4   Section      336  daddsub_clz.o(x$fpl$dadd)
    _dadd1                                   0x080022f5   Thumb Code     0  daddsub_clz.o(x$fpl$dadd)
    x$fpl$dcheck1                            0x08002434   Section       16  dcheck1.o(x$fpl$dcheck1)
    x$fpl$dcmpinf                            0x08002444   Section       24  dcmpi.o(x$fpl$dcmpinf)
    x$fpl$ddiv                               0x0800245c   Section      688  ddiv.o(x$fpl$ddiv)
    ddiv_entry                               0x08002463   Thumb Code     0  ddiv.o(x$fpl$ddiv)
    x$fpl$deqf                               0x0800270c   Section      120  deqf.o(x$fpl$deqf)
    x$fpl$dflt                               0x08002784   Section       46  dflt_clz.o(x$fpl$dflt)
    x$fpl$dmul                               0x080027b4   Section      340  dmul.o(x$fpl$dmul)
    x$fpl$dnaninf                            0x08002908   Section      156  dnaninf.o(x$fpl$dnaninf)
    x$fpl$dretinf                            0x080029a4   Section       12  dretinf.o(x$fpl$dretinf)
    x$fpl$drsb                               0x080029b0   Section       22  daddsub_clz.o(x$fpl$drsb)
    x$fpl$dsub                               0x080029c8   Section      468  daddsub_clz.o(x$fpl$dsub)
    _dsub1                                   0x080029d9   Thumb Code     0  daddsub_clz.o(x$fpl$dsub)
    x$fpl$f2d                                0x08002b9c   Section       86  f2d.o(x$fpl$f2d)
    x$fpl$fadd                               0x08002bf4   Section      196  faddsub_clz.o(x$fpl$fadd)
    _fadd1                                   0x08002c03   Thumb Code     0  faddsub_clz.o(x$fpl$fadd)
    x$fpl$fcmpinf                            0x08002cb8   Section       24  fcmpi.o(x$fpl$fcmpinf)
    x$fpl$ffix                               0x08002cd0   Section       54  ffix.o(x$fpl$ffix)
    x$fpl$fflt                               0x08002d08   Section       48  fflt_clz.o(x$fpl$fflt)
    x$fpl$fleqf                              0x08002d38   Section      104  fleqf.o(x$fpl$fleqf)
    x$fpl$fnaninf                            0x08002da0   Section      140  fnaninf.o(x$fpl$fnaninf)
    x$fpl$fretinf                            0x08002e2c   Section       10  fretinf.o(x$fpl$fretinf)
    x$fpl$fsub                               0x08002e38   Section      234  faddsub_clz.o(x$fpl$fsub)
    _fsub1                                   0x08002e47   Thumb Code     0  faddsub_clz.o(x$fpl$fsub)
    x$fpl$printf1                            0x08002f22   Section        4  printf1.o(x$fpl$printf1)
    x$fpl$retnan                             0x08002f26   Section      100  retnan.o(x$fpl$retnan)
    x$fpl$scalbn                             0x08002f8a   Section       92  scalbn.o(x$fpl$scalbn)
    x$fpl$trapveneer                         0x08002fe6   Section       48  trapv.o(x$fpl$trapveneer)
    x$fpl$usenofp                            0x08003016   Section        0  usenofp.o(x$fpl$usenofp)
    .constdata                               0x08003018   Section      152  atan.o(.constdata)
    atanhi                                   0x08003018   Data          32  atan.o(.constdata)
    atanlo                                   0x08003038   Data          32  atan.o(.constdata)
    aTodd                                    0x08003058   Data          40  atan.o(.constdata)
    aTeven                                   0x08003080   Data          48  atan.o(.constdata)
    .constdata                               0x080030b0   Section        8  qnan.o(.constdata)
    .constdata                               0x080030b8   Section      148  bigflt0.o(.constdata)
    tenpwrs_x                                0x080030b8   Data          60  bigflt0.o(.constdata)
    tenpwrs_i                                0x080030f4   Data          64  bigflt0.o(.constdata)
    locale$$data                             0x0800316c   Section       28  lc_numeric_c.o(locale$$data)
    __lcnum_c_name                           0x08003170   Data           2  lc_numeric_c.o(locale$$data)
    __lcnum_c_start                          0x08003178   Data           0  lc_numeric_c.o(locale$$data)
    __lcnum_c_point                          0x08003184   Data           0  lc_numeric_c.o(locale$$data)
    __lcnum_c_thousands                      0x08003186   Data           0  lc_numeric_c.o(locale$$data)
    __lcnum_c_grouping                       0x08003187   Data           0  lc_numeric_c.o(locale$$data)
    __lcnum_c_end                            0x08003188   Data           0  lc_numeric_c.o(locale$$data)
    .data                                    0x20000000   Section       16  main.o(.data)
    .bss                                     0x20000010   Section       96  libspace.o(.bss)
    HEAP                                     0x20000070   Section      512  startup_stm32f10x_md.o(HEAP)
    Heap_Mem                                 0x20000070   Data         512  startup_stm32f10x_md.o(HEAP)
    STACK                                    0x20000270   Section     1024  startup_stm32f10x_md.o(STACK)
    Stack_Mem                                0x20000270   Data        1024  startup_stm32f10x_md.o(STACK)
    __initial_sp                             0x20000670   Data           0  startup_stm32f10x_md.o(STACK)

    Global Symbols

    Symbol Name                              Value     Ov Type        Size  Object(Section)

    BuildAttributes$$THM_ISAv4$P$D$K$B$S$PE$A:L22UL41UL21$X:L11$S22US41US21$IEEE1$IW$USESV6$~STKCKD$USESV7$~SHL$OTIME$ROPI$IEEEX$EBA8$UX$STANDARDLIB$REQ8$PRES8$EABIv2 0x00000000   Number         0  anon$$obj.o ABSOLUTE
    __ARM_use_no_argv                        0x00000000   Number         0  main.o ABSOLUTE
    _printf_flags                            0x00000000   Number         0  printf_stubs.o ABSOLUTE
    _printf_return_value                     0x00000000   Number         0  printf_stubs.o ABSOLUTE
    _printf_sizespec                         0x00000000   Number         0  printf_stubs.o ABSOLUTE
    _printf_widthprec                        0x00000000   Number         0  printf_stubs.o ABSOLUTE
    __ARM_exceptions_init                     - Undefined Weak Reference
    __alloca_initialize                       - Undefined Weak Reference
    __arm_fini_                               - Undefined Weak Reference
    __arm_preinit_                            - Undefined Weak Reference
    __cpp_initialize__aeabi_                  - Undefined Weak Reference
    __cxa_finalize                            - Undefined Weak Reference
    __sigvec_lookup                           - Undefined Weak Reference
    _atexit_init                              - Undefined Weak Reference
    _call_atexit_fns                          - Undefined Weak Reference
    _clock_init                               - Undefined Weak Reference
    _fp_trap_init                             - Undefined Weak Reference
    _fp_trap_shutdown                         - Undefined Weak Reference
    _get_lc_collate                           - Undefined Weak Reference
    _get_lc_ctype                             - Undefined Weak Reference
    _get_lc_monetary                          - Undefined Weak Reference
    _get_lc_time                              - Undefined Weak Reference
    _getenv_init                              - Undefined Weak Reference
    _handle_redirection                       - Undefined Weak Reference
    _init_alloc                               - Undefined Weak Reference
    _init_user_alloc                          - Undefined Weak Reference
    _initio                                   - Undefined Weak Reference
    _printf_mbtowc                            - Undefined Weak Reference
    _printf_post_padding                      - Undefined Weak Reference
    _printf_pre_padding                       - Undefined Weak Reference
    _printf_truncate_signed                   - Undefined Weak Reference
    _printf_truncate_unsigned                 - Undefined Weak Reference
    _rand_init                                - Undefined Weak Reference
    _signal_finish                            - Undefined Weak Reference
    _signal_init                              - Undefined Weak Reference
    _terminate_alloc                          - Undefined Weak Reference
    _terminate_user_alloc                     - Undefined Weak Reference
    _terminateio                              - Undefined Weak Reference
    __Vectors_Size                           0x000000ec   Number         0  startup_stm32f10x_md.o ABSOLUTE
    __Vectors                                0x08000000   Data           4  startup_stm32f10x_md.o(RESET)
    __Vectors_End                            0x080000ec   Data           0  startup_stm32f10x_md.o(RESET)
    __main                                   0x080000ed   Thumb Code     8  __main.o(!!!main)
    __scatterload                            0x080000f5   Thumb Code     0  __scatter.o(!!!scatter)
    __scatterload_rt2                        0x080000f5   Thumb Code    44  __scatter.o(!!!scatter)
    __scatterload_rt2_thumb_only             0x080000f5   Thumb Code     0  __scatter.o(!!!scatter)
    __scatterload_null                       0x08000103   Thumb Code     0  __scatter.o(!!!scatter)
    __scatterload_copy                       0x08000129   Thumb Code    26  __scatter_copy.o(!!handler_copy)
    __scatterload_zeroinit                   0x08000145   Thumb Code    28  __scatter_zi.o(!!handler_zi)
    _printf_f                                0x08000161   Thumb Code     0  _printf_f.o(.ARM.Collect$$_printf_percent$$00000003)
    _printf_percent                          0x08000161   Thumb Code     0  _printf_percent.o(.ARM.Collect$$_printf_percent$$00000000)
    _printf_d                                0x08000167   Thumb Code     0  _printf_d.o(.ARM.Collect$$_printf_percent$$00000009)
    _printf_s                                0x0800016d   Thumb Code     0  _printf_s.o(.ARM.Collect$$_printf_percent$$00000014)
    _printf_percent_end                      0x08000173   Thumb Code     0  _printf_percent_end.o(.ARM.Collect$$_printf_percent$$00000017)
    __rt_lib_init                            0x08000177   Thumb Code     0  libinit.o(.ARM.Collect$$libinit$$00000000)
    __rt_lib_init_fp_1                       0x08000179   Thumb Code     0  libinit2.o(.ARM.Collect$$libinit$$00000002)
    __rt_lib_init_heap_1                     0x08000179   Thumb Code     0  libinit2.o(.ARM.Collect$$libinit$$0000000A)
    __rt_lib_init_lc_common                  0x08000179   Thumb Code     0  libinit2.o(.ARM.Collect$$libinit$$0000000F)
    __rt_lib_init_preinit_1                  0x08000179   Thumb Code     0  libinit2.o(.ARM.Collect$$libinit$$00000004)
    __rt_lib_init_rand_1                     0x08000179   Thumb Code     0  libinit2.o(.ARM.Collect$$libinit$$0000000E)
    __rt_lib_init_user_alloc_1               0x08000179   Thumb Code     0  libinit2.o(.ARM.Collect$$libinit$$0000000C)
    __rt_lib_init_lc_collate_1               0x0800017f   Thumb Code     0  libinit2.o(.ARM.Collect$$libinit$$00000011)
    __rt_lib_init_lc_ctype_1                 0x0800017f   Thumb Code     0  libinit2.o(.ARM.Collect$$libinit$$00000013)
    __rt_lib_init_lc_monetary_1              0x0800017f   Thumb Code     0  libinit2.o(.ARM.Collect$$libinit$$00000015)
    __rt_lib_init_lc_numeric_2               0x0800017f   Thumb Code     0  libinit2.o(.ARM.Collect$$libinit$$00000016)
    __rt_lib_init_alloca_1                   0x08000189   Thumb Code     0  libinit2.o(.ARM.Collect$$libinit$$0000002E)
    __rt_lib_init_argv_1                     0x08000189   Thumb Code     0  libinit2.o(.ARM.Collect$$libinit$$0000002C)
    __rt_lib_init_atexit_1                   0x08000189   Thumb Code     0  libinit2.o(.ARM.Collect$$libinit$$0000001B)
    __rt_lib_init_clock_1                    0x08000189   Thumb Code     0  libinit2.o(.ARM.Collect$$libinit$$00000021)
    __rt_lib_init_cpp_1                      0x08000189   Thumb Code     0  libinit2.o(.ARM.Collect$$libinit$$00000032)
    __rt_lib_init_exceptions_1               0x08000189   Thumb Code     0  libinit2.o(.ARM.Collect$$libinit$$00000030)
    __rt_lib_init_fp_trap_1                  0x08000189   Thumb Code     0  libinit2.o(.ARM.Collect$$libinit$$0000001F)
    __rt_lib_init_getenv_1                   0x08000189   Thumb Code     0  libinit2.o(.ARM.Collect$$libinit$$00000023)
    __rt_lib_init_lc_numeric_1               0x08000189   Thumb Code     0  libinit2.o(.ARM.Collect$$libinit$$00000017)
    __rt_lib_init_lc_time_1                  0x08000189   Thumb Code     0  libinit2.o(.ARM.Collect$$libinit$$00000019)
    __rt_lib_init_return                     0x08000189   Thumb Code     0  libinit2.o(.ARM.Collect$$libinit$$00000033)
    __rt_lib_init_signal_1                   0x08000189   Thumb Code     0  libinit2.o(.ARM.Collect$$libinit$$0000001D)
    __rt_lib_init_stdio_1                    0x08000189   Thumb Code     0  libinit2.o(.ARM.Collect$$libinit$$00000025)
    __rt_lib_shutdown                        0x0800018b   Thumb Code     0  libshutdown.o(.ARM.Collect$$libshutdown$$00000000)
    __rt_lib_shutdown_cpp_1                  0x0800018d   Thumb Code     0  libshutdown2.o(.ARM.Collect$$libshutdown$$00000004)
    __rt_lib_shutdown_fini_1                 0x0800018d   Thumb Code     0  libshutdown2.o(.ARM.Collect$$libshutdown$$00000002)
    __rt_lib_shutdown_fp_trap_1              0x0800018d   Thumb Code     0  libshutdown2.o(.ARM.Collect$$libshutdown$$00000009)
    __rt_lib_shutdown_heap_1                 0x0800018d   Thumb Code     0  libshutdown2.o(.ARM.Collect$$libshutdown$$00000011)
    __rt_lib_shutdown_return                 0x0800018d   Thumb Code     0  libshutdown2.o(.ARM.Collect$$libshutdown$$00000012)
    __rt_lib_shutdown_signal_1               0x0800018d   Thumb Code     0  libshutdown2.o(.ARM.Collect$$libshutdown$$0000000C)
    __rt_lib_shutdown_stdio_1                0x0800018d   Thumb Code     0  libshutdown2.o(.ARM.Collect$$libshutdown$$00000006)
    __rt_lib_shutdown_user_alloc_1           0x0800018d   Thumb Code     0  libshutdown2.o(.ARM.Collect$$libshutdown$$0000000E)
    __rt_entry                               0x0800018f   Thumb Code     0  __rtentry.o(.ARM.Collect$$rtentry$$00000000)
    __rt_entry_presh_1                       0x0800018f   Thumb Code     0  __rtentry2.o(.ARM.Collect$$rtentry$$00000002)
    __rt_entry_sh                            0x0800018f   Thumb Code     0  __rtentry4.o(.ARM.Collect$$rtentry$$00000004)
    __rt_entry_li                            0x08000195   Thumb Code     0  __rtentry2.o(.ARM.Collect$$rtentry$$0000000A)
    __rt_entry_postsh_1                      0x08000195   Thumb Code     0  __rtentry2.o(.ARM.Collect$$rtentry$$00000009)
    __rt_entry_main                          0x08000199   Thumb Code     0  __rtentry2.o(.ARM.Collect$$rtentry$$0000000D)
    __rt_entry_postli_1                      0x08000199   Thumb Code     0  __rtentry2.o(.ARM.Collect$$rtentry$$0000000C)
    __rt_exit                                0x080001a1   Thumb Code     0  rtexit.o(.ARM.Collect$$rtexit$$00000000)
    __rt_exit_ls                             0x080001a3   Thumb Code     0  rtexit2.o(.ARM.Collect$$rtexit$$00000003)
    __rt_exit_prels_1                        0x080001a3   Thumb Code     0  rtexit2.o(.ARM.Collect$$rtexit$$00000002)
    __rt_exit_exit                           0x080001a7   Thumb Code     0  rtexit2.o(.ARM.Collect$$rtexit$$00000004)
    Reset_Handler                            0x080001ad   Thumb Code     8  startup_stm32f10x_md.o(.text)
    NMI_Handler                              0x080001b5   Thumb Code     2  startup_stm32f10x_md.o(.text)
    HardFault_Handler                        0x080001b7   Thumb Code     2  startup_stm32f10x_md.o(.text)
    MemManage_Handler                        0x080001b9   Thumb Code     2  startup_stm32f10x_md.o(.text)
    BusFault_Handler                         0x080001bb   Thumb Code     2  startup_stm32f10x_md.o(.text)
    UsageFault_Handler                       0x080001bd   Thumb Code     2  startup_stm32f10x_md.o(.text)
    SVC_Handler                              0x080001bf   Thumb Code     2  startup_stm32f10x_md.o(.text)
    DebugMon_Handler                         0x080001c1   Thumb Code     2  startup_stm32f10x_md.o(.text)
    PendSV_Handler                           0x080001c3   Thumb Code     2  startup_stm32f10x_md.o(.text)
    SysTick_Handler                          0x080001c5   Thumb Code     2  startup_stm32f10x_md.o(.text)
    ADC1_2_IRQHandler                        0x080001c7   Thumb Code     0  startup_stm32f10x_md.o(.text)
    CAN1_RX1_IRQHandler                      0x080001c7   Thumb Code     0  startup_stm32f10x_md.o(.text)
    CAN1_SCE_IRQHandler                      0x080001c7   Thumb Code     0  startup_stm32f10x_md.o(.text)
    DMA1_Channel1_IRQHandler                 0x080001c7   Thumb Code     0  startup_stm32f10x_md.o(.text)
    DMA1_Channel2_IRQHandler                 0x080001c7   Thumb Code     0  startup_stm32f10x_md.o(.text)
    DMA1_Channel3_IRQHandler                 0x080001c7   Thumb Code     0  startup_stm32f10x_md.o(.text)
    DMA1_Channel4_IRQHandler                 0x080001c7   Thumb Code     0  startup_stm32f10x_md.o(.text)
    DMA1_Channel5_IRQHandler                 0x080001c7   Thumb Code     0  startup_stm32f10x_md.o(.text)
    DMA1_Channel6_IRQHandler                 0x080001c7   Thumb Code     0  startup_stm32f10x_md.o(.text)
    DMA1_Channel7_IRQHandler                 0x080001c7   Thumb Code     0  startup_stm32f10x_md.o(.text)
    EXTI0_IRQHandler                         0x080001c7   Thumb Code     0  startup_stm32f10x_md.o(.text)
    EXTI15_10_IRQHandler                     0x080001c7   Thumb Code     0  startup_stm32f10x_md.o(.text)
    EXTI1_IRQHandler                         0x080001c7   Thumb Code     0  startup_stm32f10x_md.o(.text)
    EXTI2_IRQHandler                         0x080001c7   Thumb Code     0  startup_stm32f10x_md.o(.text)
    EXTI3_IRQHandler                         0x080001c7   Thumb Code     0  startup_stm32f10x_md.o(.text)
    EXTI4_IRQHandler                         0x080001c7   Thumb Code     0  startup_stm32f10x_md.o(.text)
    EXTI9_5_IRQHandler                       0x080001c7   Thumb Code     0  startup_stm32f10x_md.o(.text)
    FLASH_IRQHandler                         0x080001c7   Thumb Code     0  startup_stm32f10x_md.o(.text)
    I2C1_ER_IRQHandler                       0x080001c7   Thumb Code     0  startup_stm32f10x_md.o(.text)
    I2C1_EV_IRQHandler                       0x080001c7   Thumb Code     0  startup_stm32f10x_md.o(.text)
    I2C2_ER_IRQHandler                       0x080001c7   Thumb Code     0  startup_stm32f10x_md.o(.text)
    I2C2_EV_IRQHandler                       0x080001c7   Thumb Code     0  startup_stm32f10x_md.o(.text)
    PVD_IRQHandler                           0x080001c7   Thumb Code     0  startup_stm32f10x_md.o(.text)
    RCC_IRQHandler                           0x080001c7   Thumb Code     0  startup_stm32f10x_md.o(.text)
    RTCAlarm_IRQHandler                      0x080001c7   Thumb Code     0  startup_stm32f10x_md.o(.text)
    RTC_IRQHandler                           0x080001c7   Thumb Code     0  startup_stm32f10x_md.o(.text)
    SPI1_IRQHandler                          0x080001c7   Thumb Code     0  startup_stm32f10x_md.o(.text)
    SPI2_IRQHandler                          0x080001c7   Thumb Code     0  startup_stm32f10x_md.o(.text)
    TAMPER_IRQHandler                        0x080001c7   Thumb Code     0  startup_stm32f10x_md.o(.text)
    TIM1_BRK_IRQHandler                      0x080001c7   Thumb Code     0  startup_stm32f10x_md.o(.text)
    TIM1_CC_IRQHandler                       0x080001c7   Thumb Code     0  startup_stm32f10x_md.o(.text)
    TIM1_TRG_COM_IRQHandler                  0x080001c7   Thumb Code     0  startup_stm32f10x_md.o(.text)
    TIM1_UP_IRQHandler                       0x080001c7   Thumb Code     0  startup_stm32f10x_md.o(.text)
    TIM2_IRQHandler                          0x080001c7   Thumb Code     0  startup_stm32f10x_md.o(.text)
    TIM3_IRQHandler                          0x080001c7   Thumb Code     0  startup_stm32f10x_md.o(.text)
    TIM4_IRQHandler                          0x080001c7   Thumb Code     0  startup_stm32f10x_md.o(.text)
    USART1_IRQHandler                        0x080001c7   Thumb Code     0  startup_stm32f10x_md.o(.text)
    USART2_IRQHandler                        0x080001c7   Thumb Code     0  startup_stm32f10x_md.o(.text)
    USART3_IRQHandler                        0x080001c7   Thumb Code     0  startup_stm32f10x_md.o(.text)
    USBWakeUp_IRQHandler                     0x080001c7   Thumb Code     0  startup_stm32f10x_md.o(.text)
    USB_HP_CAN1_TX_IRQHandler                0x080001c7   Thumb Code     0  startup_stm32f10x_md.o(.text)
    USB_LP_CAN1_RX0_IRQHandler               0x080001c7   Thumb Code     0  startup_stm32f10x_md.o(.text)
    WWDG_IRQHandler                          0x080001c7   Thumb Code     0  startup_stm32f10x_md.o(.text)
    __user_initial_stackheap                 0x080001c9   Thumb Code     0  startup_stm32f10x_md.o(.text)
    __2sprintf                               0x080001ed   Thumb Code    34  noretval__2sprintf.o(.text)
    _printf_str                              0x08000215   Thumb Code    82  _printf_str.o(.text)
    _printf_int_dec                          0x08000269   Thumb Code   104  _printf_dec.o(.text)
    __printf                                 0x080002e1   Thumb Code   270  __printf_wp.o(.text)
    __use_two_region_memory                  0x080003ef   Thumb Code     2  heapauxi.o(.text)
    __rt_heap_escrow$2region                 0x080003f1   Thumb Code     2  heapauxi.o(.text)
    __rt_heap_expand$2region                 0x080003f3   Thumb Code     2  heapauxi.o(.text)
    __read_errno                             0x080003f5   Thumb Code    10  _rserrno.o(.text)
    __set_errno                              0x080003ff   Thumb Code    12  _rserrno.o(.text)
    _printf_int_common                       0x0800040b   Thumb Code   178  _printf_intcommon.o(.text)
    __lib_sel_fp_printf                      0x080004bd   Thumb Code     2  _printf_fp_dec.o(.text)
    _printf_fp_dec_real                      0x0800066f   Thumb Code   620  _printf_fp_dec.o(.text)
    _printf_char_common                      0x080008e7   Thumb Code    32  _printf_char_common.o(.text)
    _sputc                                   0x0800090d   Thumb Code    10  _sputc.o(.text)
    _printf_cs_common                        0x08000917   Thumb Code    20  _printf_char.o(.text)
    _printf_char                             0x0800092b   Thumb Code    16  _printf_char.o(.text)
    _printf_string                           0x0800093b   Thumb Code     8  _printf_char.o(.text)
    __rt_locale                              0x08000945   Thumb Code     8  rt_locale_intlibspace.o(.text)
    __aeabi_errno_addr                       0x0800094d   Thumb Code     8  rt_errno_addr_intlibspace.o(.text)
    __errno$intlibspace                      0x0800094d   Thumb Code     0  rt_errno_addr_intlibspace.o(.text)
    __rt_errno_addr$intlibspace              0x0800094d   Thumb Code     0  rt_errno_addr_intlibspace.o(.text)
    _ll_udiv10                               0x08000955   Thumb Code   138  lludiv10.o(.text)
    _printf_fp_infnan                        0x080009e1   Thumb Code   112  _printf_fp_infnan.o(.text)
    _btod_etento                             0x08000a61   Thumb Code   224  bigflt0.o(.text)
    __user_libspace                          0x08000b45   Thumb Code     8  libspace.o(.text)
    __user_perproc_libspace                  0x08000b45   Thumb Code     0  libspace.o(.text)
    __user_perthread_libspace                0x08000b45   Thumb Code     0  libspace.o(.text)
    __user_setup_stackheap                   0x08000b4d   Thumb Code    74  sys_stackheap_outer.o(.text)
    exit                                     0x08000b97   Thumb Code    18  exit.o(.text)
    strcmp                                   0x08000ba9   Thumb Code   128  strcmpv7m.o(.text)
    _sys_exit                                0x08000c29   Thumb Code     8  sys_exit.o(.text)
    __I$use$semihosting                      0x08000c35   Thumb Code     0  use_no_semi.o(.text)
    __use_no_semihosting_swi                 0x08000c35   Thumb Code     2  use_no_semi.o(.text)
    __semihosting_library_function           0x08000c37   Thumb Code     0  indicate_semi.o(.text)
    _btod_d2e                                0x08000c37   Thumb Code    62  btod.o(CL$$btod_d2e)
    _d2e_denorm_low                          0x08000c75   Thumb Code    70  btod.o(CL$$btod_d2e_denorm_low)
    _d2e_norm_op1                            0x08000cbb   Thumb Code    96  btod.o(CL$$btod_d2e_norm_op1)
    __btod_div_common                        0x08000d1b   Thumb Code   696  btod.o(CL$$btod_div_common)
    _e2e                                     0x08001053   Thumb Code   220  btod.o(CL$$btod_e2e)
    _btod_ediv                               0x0800112f   Thumb Code    42  btod.o(CL$$btod_ediv)
    _btod_emul                               0x08001159   Thumb Code    42  btod.o(CL$$btod_emul)
    __btod_mult_common                       0x08001183   Thumb Code   580  btod.o(CL$$btod_mult_common)
    CalculateDirect                          0x080013c9   Thumb Code   106  main.o(i.CalculateDirect)
    CalculateHeading                         0x0800146d   Thumb Code   106  main.o(i.CalculateHeading)
    Delay_Config                             0x080014e5   Thumb Code    46  main.o(i.Delay_Config)
    Delay_ms                                 0x08001519   Thumb Code    24  main.o(i.Delay_ms)
    Delay_us                                 0x08001531   Thumb Code    22  main.o(i.Delay_us)
    I2C1_Init                                0x08001549   Thumb Code   140  main.o(i.I2C1_Init)
    I2C1_ReadData                            0x080015e1   Thumb Code   216  main.o(i.I2C1_ReadData)
    I2C1_WriteData                           0x080016bd   Thumb Code   118  main.o(i.I2C1_WriteData)
    I2C2_Address                             0x08001739   Thumb Code    38  main.o(i.I2C2_Address)
    I2C2_Init                                0x08001765   Thumb Code   122  main.o(i.I2C2_Init)
    I2C2_Start                               0x080017ed   Thumb Code    48  main.o(i.I2C2_Start)
    LCD_Write                                0x08001821   Thumb Code    66  main.o(i.LCD_Write)
    QMC5883L_Calibrate                       0x08001869   Thumb Code   240  main.o(i.QMC5883L_Calibrate)
    QMC5883L_GetCalibratedData               0x08001965   Thumb Code   114  main.o(i.QMC5883L_GetCalibratedData)
    QMC5883L_Init                            0x080019e5   Thumb Code    14  main.o(i.QMC5883L_Init)
    QMC5883L_ReadData                        0x080019f3   Thumb Code    62  main.o(i.QMC5883L_ReadData)
    SystemInit                               0x08001b19   Thumb Code    78  system_stm32f10x.o(i.SystemInit)
    __ARM_fpclassify                         0x08001b79   Thumb Code    40  fpclassify.o(i.__ARM_fpclassify)
    __kernel_poly                            0x08001ba1   Thumb Code   170  poly.o(i.__kernel_poly)
    __mathlib_dbl_infnan                     0x08001c4b   Thumb Code     6  dunder.o(i.__mathlib_dbl_infnan)
    __mathlib_dbl_infnan2                    0x08001c51   Thumb Code     4  dunder.o(i.__mathlib_dbl_infnan2)
    __mathlib_dbl_underflow                  0x08001c55   Thumb Code    10  dunder.o(i.__mathlib_dbl_underflow)
    _is_digit                                0x08001c65   Thumb Code    14  __printf_wp.o(i._is_digit)
    atan                                     0x08001c75   Thumb Code   474  atan.o(i.atan)
    atan2                                    0x08001e95   Thumb Code   374  atan2.o(i.atan2)
    lcd_clear                                0x08002031   Thumb Code    26  main.o(i.lcd_clear)
    lcd_init                                 0x0800204b   Thumb Code   118  main.o(i.lcd_init)
    lcd_put_cur                              0x080020c1   Thumb Code    36  main.o(i.lcd_put_cur)
    lcd_send_cmd                             0x080020e5   Thumb Code    58  main.o(i.lcd_send_cmd)
    lcd_send_data                            0x0800211f   Thumb Code    58  main.o(i.lcd_send_data)
    lcd_send_string                          0x08002159   Thumb Code    22  main.o(i.lcd_send_string)
    main                                     0x08002171   Thumb Code   182  main.o(i.main)
    _get_lc_numeric                          0x08002255   Thumb Code    44  lc_numeric_c.o(locale$$code)
    __aeabi_d2f                              0x08002281   Thumb Code     0  d2f.o(x$fpl$d2f)
    _d2f                                     0x08002281   Thumb Code    98  d2f.o(x$fpl$d2f)
    __aeabi_dadd                             0x080022e5   Thumb Code     0  daddsub_clz.o(x$fpl$dadd)
    _dadd                                    0x080022e5   Thumb Code   332  daddsub_clz.o(x$fpl$dadd)
    __fpl_dcheck_NaN1                        0x08002435   Thumb Code    10  dcheck1.o(x$fpl$dcheck1)
    __fpl_dcmp_Inf                           0x08002445   Thumb Code    24  dcmpi.o(x$fpl$dcmpinf)
    __aeabi_ddiv                             0x0800245d   Thumb Code     0  ddiv.o(x$fpl$ddiv)
    _ddiv                                    0x0800245d   Thumb Code   552  ddiv.o(x$fpl$ddiv)
    __aeabi_cdcmpeq                          0x0800270d   Thumb Code     0  deqf.o(x$fpl$deqf)
    _dcmpeq                                  0x0800270d   Thumb Code   120  deqf.o(x$fpl$deqf)
    __aeabi_i2d                              0x08002785   Thumb Code     0  dflt_clz.o(x$fpl$dflt)
    _dflt                                    0x08002785   Thumb Code    46  dflt_clz.o(x$fpl$dflt)
    __aeabi_dmul                             0x080027b5   Thumb Code     0  dmul.o(x$fpl$dmul)
    _dmul                                    0x080027b5   Thumb Code   332  dmul.o(x$fpl$dmul)
    __fpl_dnaninf                            0x08002909   Thumb Code   156  dnaninf.o(x$fpl$dnaninf)
    __fpl_dretinf                            0x080029a5   Thumb Code    12  dretinf.o(x$fpl$dretinf)
    __aeabi_drsub                            0x080029b1   Thumb Code     0  daddsub_clz.o(x$fpl$drsb)
    _drsb                                    0x080029b1   Thumb Code    22  daddsub_clz.o(x$fpl$drsb)
    __aeabi_dsub                             0x080029c9   Thumb Code     0  daddsub_clz.o(x$fpl$dsub)
    _dsub                                    0x080029c9   Thumb Code   464  daddsub_clz.o(x$fpl$dsub)
    __aeabi_f2d                              0x08002b9d   Thumb Code     0  f2d.o(x$fpl$f2d)
    _f2d                                     0x08002b9d   Thumb Code    86  f2d.o(x$fpl$f2d)
    __aeabi_fadd                             0x08002bf5   Thumb Code     0  faddsub_clz.o(x$fpl$fadd)
    _fadd                                    0x08002bf5   Thumb Code   196  faddsub_clz.o(x$fpl$fadd)
    __fpl_fcmp_Inf                           0x08002cb9   Thumb Code    24  fcmpi.o(x$fpl$fcmpinf)
    __aeabi_f2iz                             0x08002cd1   Thumb Code     0  ffix.o(x$fpl$ffix)
    _ffix                                    0x08002cd1   Thumb Code    54  ffix.o(x$fpl$ffix)
    __aeabi_i2f                              0x08002d09   Thumb Code     0  fflt_clz.o(x$fpl$fflt)
    _fflt                                    0x08002d09   Thumb Code    48  fflt_clz.o(x$fpl$fflt)
    __aeabi_cfcmple                          0x08002d39   Thumb Code     0  fleqf.o(x$fpl$fleqf)
    _fcmple                                  0x08002d39   Thumb Code   104  fleqf.o(x$fpl$fleqf)
    __fpl_fcmple_InfNaN                      0x08002d8b   Thumb Code     0  fleqf.o(x$fpl$fleqf)
    __fpl_fnaninf                            0x08002da1   Thumb Code   140  fnaninf.o(x$fpl$fnaninf)
    __fpl_fretinf                            0x08002e2d   Thumb Code    10  fretinf.o(x$fpl$fretinf)
    __aeabi_fsub                             0x08002e39   Thumb Code     0  faddsub_clz.o(x$fpl$fsub)
    _fsub                                    0x08002e39   Thumb Code   234  faddsub_clz.o(x$fpl$fsub)
    _printf_fp_dec                           0x08002f23   Thumb Code     4  printf1.o(x$fpl$printf1)
    __fpl_return_NaN                         0x08002f27   Thumb Code   100  retnan.o(x$fpl$retnan)
    __ARM_scalbn                             0x08002f8b   Thumb Code    92  scalbn.o(x$fpl$scalbn)
    __fpl_cmpreturn                          0x08002fe7   Thumb Code    48  trapv.o(x$fpl$trapveneer)
    __I$use$fp                               0x08003016   Number         0  usenofp.o(x$fpl$usenofp)
    __mathlib_zero                           0x080030b0   Data           8  qnan.o(.constdata)
    Region$$Table$$Base                      0x0800314c   Number         0  anon$$obj.o(Region$$Table)
    Region$$Table$$Limit                     0x0800316c   Number         0  anon$$obj.o(Region$$Table)
    PI                                       0x20000000   Data           4  main.o(.data)
    offsetX                                  0x20000004   Data           4  main.o(.data)
    offsetY                                  0x20000008   Data           4  main.o(.data)
    offsetZ                                  0x2000000c   Data           4  main.o(.data)
    __libspace_start                         0x20000010   Data          96  libspace.o(.bss)
    __temporary_stack_top$libspace           0x20000070   Data           0  libspace.o(.bss)



==============================================================================

Memory Map of the image

  Image Entry point : 0x080000ed

  Load Region LR_IROM1 (Base: 0x08000000, Size: 0x00003198, Max: 0x00010000, ABSOLUTE)

    Execution Region ER_IROM1 (Exec base: 0x08000000, Load base: 0x08000000, Size: 0x00003188, Max: 0x00010000, ABSOLUTE)

    Exec Addr    Load Addr    Size         Type   Attr      Idx    E Section Name        Object

    0x08000000   0x08000000   0x000000ec   Data   RO          217    RESET               startup_stm32f10x_md.o
    0x080000ec   0x080000ec   0x00000008   Code   RO          306  * !!!main             c_w.l(__main.o)
    0x080000f4   0x080000f4   0x00000034   Code   RO          628    !!!scatter          c_w.l(__scatter.o)
    0x08000128   0x08000128   0x0000001a   Code   RO          630    !!handler_copy      c_w.l(__scatter_copy.o)
    0x08000142   0x08000142   0x00000002   PAD
    0x08000144   0x08000144   0x0000001c   Code   RO          632    !!handler_zi        c_w.l(__scatter_zi.o)
    0x08000160   0x08000160   0x00000000   Code   RO          303    .ARM.Collect$$_printf_percent$$00000000  c_w.l(_printf_percent.o)
    0x08000160   0x08000160   0x00000006   Code   RO          302    .ARM.Collect$$_printf_percent$$00000003  c_w.l(_printf_f.o)
    0x08000166   0x08000166   0x00000006   Code   RO          301    .ARM.Collect$$_printf_percent$$00000009  c_w.l(_printf_d.o)
    0x0800016c   0x0800016c   0x00000006   Code   RO          300    .ARM.Collect$$_printf_percent$$00000014  c_w.l(_printf_s.o)
    0x08000172   0x08000172   0x00000004   Code   RO          365    .ARM.Collect$$_printf_percent$$00000017  c_w.l(_printf_percent_end.o)
    0x08000176   0x08000176   0x00000002   Code   RO          493    .ARM.Collect$$libinit$$00000000  c_w.l(libinit.o)
    0x08000178   0x08000178   0x00000000   Code   RO          495    .ARM.Collect$$libinit$$00000002  c_w.l(libinit2.o)
    0x08000178   0x08000178   0x00000000   Code   RO          497    .ARM.Collect$$libinit$$00000004  c_w.l(libinit2.o)
    0x08000178   0x08000178   0x00000000   Code   RO          500    .ARM.Collect$$libinit$$0000000A  c_w.l(libinit2.o)
    0x08000178   0x08000178   0x00000000   Code   RO          502    .ARM.Collect$$libinit$$0000000C  c_w.l(libinit2.o)
    0x08000178   0x08000178   0x00000000   Code   RO          504    .ARM.Collect$$libinit$$0000000E  c_w.l(libinit2.o)
    0x08000178   0x08000178   0x00000006   Code   RO          505    .ARM.Collect$$libinit$$0000000F  c_w.l(libinit2.o)
    0x0800017e   0x0800017e   0x00000000   Code   RO          507    .ARM.Collect$$libinit$$00000011  c_w.l(libinit2.o)
    0x0800017e   0x0800017e   0x00000000   Code   RO          509    .ARM.Collect$$libinit$$00000013  c_w.l(libinit2.o)
    0x0800017e   0x0800017e   0x00000000   Code   RO          511    .ARM.Collect$$libinit$$00000015  c_w.l(libinit2.o)
    0x0800017e   0x0800017e   0x0000000a   Code   RO          512    .ARM.Collect$$libinit$$00000016  c_w.l(libinit2.o)
    0x08000188   0x08000188   0x00000000   Code   RO          513    .ARM.Collect$$libinit$$00000017  c_w.l(libinit2.o)
    0x08000188   0x08000188   0x00000000   Code   RO          515    .ARM.Collect$$libinit$$00000019  c_w.l(libinit2.o)
    0x08000188   0x08000188   0x00000000   Code   RO          517    .ARM.Collect$$libinit$$0000001B  c_w.l(libinit2.o)
    0x08000188   0x08000188   0x00000000   Code   RO          519    .ARM.Collect$$libinit$$0000001D  c_w.l(libinit2.o)
    0x08000188   0x08000188   0x00000000   Code   RO          521    .ARM.Collect$$libinit$$0000001F  c_w.l(libinit2.o)
    0x08000188   0x08000188   0x00000000   Code   RO          523    .ARM.Collect$$libinit$$00000021  c_w.l(libinit2.o)
    0x08000188   0x08000188   0x00000000   Code   RO          525    .ARM.Collect$$libinit$$00000023  c_w.l(libinit2.o)
    0x08000188   0x08000188   0x00000000   Code   RO          527    .ARM.Collect$$libinit$$00000025  c_w.l(libinit2.o)
    0x08000188   0x08000188   0x00000000   Code   RO          531    .ARM.Collect$$libinit$$0000002C  c_w.l(libinit2.o)
    0x08000188   0x08000188   0x00000000   Code   RO          533    .ARM.Collect$$libinit$$0000002E  c_w.l(libinit2.o)
    0x08000188   0x08000188   0x00000000   Code   RO          535    .ARM.Collect$$libinit$$00000030  c_w.l(libinit2.o)
    0x08000188   0x08000188   0x00000000   Code   RO          537    .ARM.Collect$$libinit$$00000032  c_w.l(libinit2.o)
    0x08000188   0x08000188   0x00000002   Code   RO          538    .ARM.Collect$$libinit$$00000033  c_w.l(libinit2.o)
    0x0800018a   0x0800018a   0x00000002   Code   RO          574    .ARM.Collect$$libshutdown$$00000000  c_w.l(libshutdown.o)
    0x0800018c   0x0800018c   0x00000000   Code   RO          585    .ARM.Collect$$libshutdown$$00000002  c_w.l(libshutdown2.o)
    0x0800018c   0x0800018c   0x00000000   Code   RO          587    .ARM.Collect$$libshutdown$$00000004  c_w.l(libshutdown2.o)
    0x0800018c   0x0800018c   0x00000000   Code   RO          589    .ARM.Collect$$libshutdown$$00000006  c_w.l(libshutdown2.o)
    0x0800018c   0x0800018c   0x00000000   Code   RO          592    .ARM.Collect$$libshutdown$$00000009  c_w.l(libshutdown2.o)
    0x0800018c   0x0800018c   0x00000000   Code   RO          595    .ARM.Collect$$libshutdown$$0000000C  c_w.l(libshutdown2.o)
    0x0800018c   0x0800018c   0x00000000   Code   RO          597    .ARM.Collect$$libshutdown$$0000000E  c_w.l(libshutdown2.o)
    0x0800018c   0x0800018c   0x00000000   Code   RO          600    .ARM.Collect$$libshutdown$$00000011  c_w.l(libshutdown2.o)
    0x0800018c   0x0800018c   0x00000002   Code   RO          601    .ARM.Collect$$libshutdown$$00000012  c_w.l(libshutdown2.o)
    0x0800018e   0x0800018e   0x00000000   Code   RO          352    .ARM.Collect$$rtentry$$00000000  c_w.l(__rtentry.o)
    0x0800018e   0x0800018e   0x00000000   Code   RO          411    .ARM.Collect$$rtentry$$00000002  c_w.l(__rtentry2.o)
    0x0800018e   0x0800018e   0x00000006   Code   RO          423    .ARM.Collect$$rtentry$$00000004  c_w.l(__rtentry4.o)
    0x08000194   0x08000194   0x00000000   Code   RO          413    .ARM.Collect$$rtentry$$00000009  c_w.l(__rtentry2.o)
    0x08000194   0x08000194   0x00000004   Code   RO          414    .ARM.Collect$$rtentry$$0000000A  c_w.l(__rtentry2.o)
    0x08000198   0x08000198   0x00000000   Code   RO          416    .ARM.Collect$$rtentry$$0000000C  c_w.l(__rtentry2.o)
    0x08000198   0x08000198   0x00000008   Code   RO          417    .ARM.Collect$$rtentry$$0000000D  c_w.l(__rtentry2.o)
    0x080001a0   0x080001a0   0x00000002   Code   RO          541    .ARM.Collect$$rtexit$$00000000  c_w.l(rtexit.o)
    0x080001a2   0x080001a2   0x00000000   Code   RO          550    .ARM.Collect$$rtexit$$00000002  c_w.l(rtexit2.o)
    0x080001a2   0x080001a2   0x00000004   Code   RO          551    .ARM.Collect$$rtexit$$00000003  c_w.l(rtexit2.o)
    0x080001a6   0x080001a6   0x00000006   Code   RO          552    .ARM.Collect$$rtexit$$00000004  c_w.l(rtexit2.o)
    0x080001ac   0x080001ac   0x00000040   Code   RO          218    .text               startup_stm32f10x_md.o
    0x080001ec   0x080001ec   0x00000028   Code   RO          272    .text               c_w.l(noretval__2sprintf.o)
    0x08000214   0x08000214   0x00000052   Code   RO          276    .text               c_w.l(_printf_str.o)
    0x08000266   0x08000266   0x00000002   PAD
    0x08000268   0x08000268   0x00000078   Code   RO          278    .text               c_w.l(_printf_dec.o)
    0x080002e0   0x080002e0   0x0000010e   Code   RO          288    .text               c_w.l(__printf_wp.o)
    0x080003ee   0x080003ee   0x00000006   Code   RO          304    .text               c_w.l(heapauxi.o)
    0x080003f4   0x080003f4   0x00000016   Code   RO          353    .text               c_w.l(_rserrno.o)
    0x0800040a   0x0800040a   0x000000b2   Code   RO          355    .text               c_w.l(_printf_intcommon.o)
    0x080004bc   0x080004bc   0x0000041e   Code   RO          357    .text               c_w.l(_printf_fp_dec.o)
    0x080008da   0x080008da   0x00000002   PAD
    0x080008dc   0x080008dc   0x00000030   Code   RO          359    .text               c_w.l(_printf_char_common.o)
    0x0800090c   0x0800090c   0x0000000a   Code   RO          361    .text               c_w.l(_sputc.o)
    0x08000916   0x08000916   0x0000002c   Code   RO          363    .text               c_w.l(_printf_char.o)
    0x08000942   0x08000942   0x00000002   PAD
    0x08000944   0x08000944   0x00000008   Code   RO          428    .text               c_w.l(rt_locale_intlibspace.o)
    0x0800094c   0x0800094c   0x00000008   Code   RO          433    .text               c_w.l(rt_errno_addr_intlibspace.o)
    0x08000954   0x08000954   0x0000008a   Code   RO          435    .text               c_w.l(lludiv10.o)
    0x080009de   0x080009de   0x00000002   PAD
    0x080009e0   0x080009e0   0x00000080   Code   RO          437    .text               c_w.l(_printf_fp_infnan.o)
    0x08000a60   0x08000a60   0x000000e4   Code   RO          441    .text               c_w.l(bigflt0.o)
    0x08000b44   0x08000b44   0x00000008   Code   RO          479    .text               c_w.l(libspace.o)
    0x08000b4c   0x08000b4c   0x0000004a   Code   RO          482    .text               c_w.l(sys_stackheap_outer.o)
    0x08000b96   0x08000b96   0x00000012   Code   RO          484    .text               c_w.l(exit.o)
    0x08000ba8   0x08000ba8   0x00000080   Code   RO          486    .text               c_w.l(strcmpv7m.o)
    0x08000c28   0x08000c28   0x0000000c   Code   RO          564    .text               c_w.l(sys_exit.o)
    0x08000c34   0x08000c34   0x00000002   Code   RO          575    .text               c_w.l(use_no_semi.o)
    0x08000c36   0x08000c36   0x00000000   Code   RO          577    .text               c_w.l(indicate_semi.o)
    0x08000c36   0x08000c36   0x0000003e   Code   RO          444    CL$$btod_d2e        c_w.l(btod.o)
    0x08000c74   0x08000c74   0x00000046   Code   RO          446    CL$$btod_d2e_denorm_low  c_w.l(btod.o)
    0x08000cba   0x08000cba   0x00000060   Code   RO          445    CL$$btod_d2e_norm_op1  c_w.l(btod.o)
    0x08000d1a   0x08000d1a   0x00000338   Code   RO          454    CL$$btod_div_common  c_w.l(btod.o)
    0x08001052   0x08001052   0x000000dc   Code   RO          451    CL$$btod_e2e        c_w.l(btod.o)
    0x0800112e   0x0800112e   0x0000002a   Code   RO          448    CL$$btod_ediv       c_w.l(btod.o)
    0x08001158   0x08001158   0x0000002a   Code   RO          447    CL$$btod_emul       c_w.l(btod.o)
    0x08001182   0x08001182   0x00000244   Code   RO          453    CL$$btod_mult_common  c_w.l(btod.o)
    0x080013c6   0x080013c6   0x00000002   PAD
    0x080013c8   0x080013c8   0x000000a4   Code   RO            4    i.CalculateDirect   main.o
    0x0800146c   0x0800146c   0x00000078   Code   RO            5    i.CalculateHeading  main.o
    0x080014e4   0x080014e4   0x00000034   Code   RO            6    i.Delay_Config      main.o
    0x08001518   0x08001518   0x00000018   Code   RO            7    i.Delay_ms          main.o
    0x08001530   0x08001530   0x00000016   Code   RO            8    i.Delay_us          main.o
    0x08001546   0x08001546   0x00000002   PAD
    0x08001548   0x08001548   0x00000098   Code   RO            9    i.I2C1_Init         main.o
    0x080015e0   0x080015e0   0x000000dc   Code   RO           10    i.I2C1_ReadData     main.o
    0x080016bc   0x080016bc   0x0000007c   Code   RO           11    i.I2C1_WriteData    main.o
    0x08001738   0x08001738   0x0000002c   Code   RO           12    i.I2C2_Address      main.o
    0x08001764   0x08001764   0x00000088   Code   RO           13    i.I2C2_Init         main.o
    0x080017ec   0x080017ec   0x00000034   Code   RO           14    i.I2C2_Start        main.o
    0x08001820   0x08001820   0x00000048   Code   RO           18    i.LCD_Write         main.o
    0x08001868   0x08001868   0x000000fc   Code   RO           19    i.QMC5883L_Calibrate  main.o
    0x08001964   0x08001964   0x00000080   Code   RO           20    i.QMC5883L_GetCalibratedData  main.o
    0x080019e4   0x080019e4   0x0000000e   Code   RO           21    i.QMC5883L_Init     main.o
    0x080019f2   0x080019f2   0x0000003e   Code   RO           22    i.QMC5883L_ReadData  main.o
    0x08001a30   0x08001a30   0x00000008   Code   RO          225    i.SetSysClock       system_stm32f10x.o
    0x08001a38   0x08001a38   0x000000e0   Code   RO          226    i.SetSysClockTo72   system_stm32f10x.o
    0x08001b18   0x08001b18   0x00000060   Code   RO          228    i.SystemInit        system_stm32f10x.o
    0x08001b78   0x08001b78   0x00000028   Code   RO          475    i.__ARM_fpclassify  m_ws.l(fpclassify.o)
    0x08001ba0   0x08001ba0   0x000000aa   Code   RO          477    i.__kernel_poly     m_ws.l(poly.o)
    0x08001c4a   0x08001c4a   0x00000006   Code   RO          396    i.__mathlib_dbl_infnan  m_ws.l(dunder.o)
    0x08001c50   0x08001c50   0x00000004   Code   RO          397    i.__mathlib_dbl_infnan2  m_ws.l(dunder.o)
    0x08001c54   0x08001c54   0x00000010   Code   RO          401    i.__mathlib_dbl_underflow  m_ws.l(dunder.o)
    0x08001c64   0x08001c64   0x0000000e   Code   RO          290    i._is_digit         c_w.l(__printf_wp.o)
    0x08001c72   0x08001c72   0x00000002   PAD
    0x08001c74   0x08001c74   0x00000220   Code   RO          386    i.atan              m_ws.l(atan.o)
    0x08001e94   0x08001e94   0x0000019c   Code   RO          345    i.atan2             m_ws.l(atan2.o)
    0x08002030   0x08002030   0x0000001a   Code   RO           23    i.lcd_clear         main.o
    0x0800204a   0x0800204a   0x00000076   Code   RO           24    i.lcd_init          main.o
    0x080020c0   0x080020c0   0x00000024   Code   RO           25    i.lcd_put_cur       main.o
    0x080020e4   0x080020e4   0x0000003a   Code   RO           26    i.lcd_send_cmd      main.o
    0x0800211e   0x0800211e   0x0000003a   Code   RO           27    i.lcd_send_data     main.o
    0x08002158   0x08002158   0x00000016   Code   RO           28    i.lcd_send_string   main.o
    0x0800216e   0x0800216e   0x00000002   PAD
    0x08002170   0x08002170   0x000000e4   Code   RO           29    i.main              main.o
    0x08002254   0x08002254   0x0000002c   Code   RO          467    locale$$code        c_w.l(lc_numeric_c.o)
    0x08002280   0x08002280   0x00000062   Code   RO          308    x$fpl$d2f           fz_ws.l(d2f.o)
    0x080022e2   0x080022e2   0x00000002   PAD
    0x080022e4   0x080022e4   0x00000150   Code   RO          366    x$fpl$dadd          fz_ws.l(daddsub_clz.o)
    0x08002434   0x08002434   0x00000010   Code   RO          539    x$fpl$dcheck1       fz_ws.l(dcheck1.o)
    0x08002444   0x08002444   0x00000018   Code   RO          469    x$fpl$dcmpinf       fz_ws.l(dcmpi.o)
    0x0800245c   0x0800245c   0x000002b0   Code   RO          311    x$fpl$ddiv          fz_ws.l(ddiv.o)
    0x0800270c   0x0800270c   0x00000078   Code   RO          372    x$fpl$deqf          fz_ws.l(deqf.o)
    0x08002784   0x08002784   0x0000002e   Code   RO          315    x$fpl$dflt          fz_ws.l(dflt_clz.o)
    0x080027b2   0x080027b2   0x00000002   PAD
    0x080027b4   0x080027b4   0x00000154   Code   RO          320    x$fpl$dmul          fz_ws.l(dmul.o)
    0x08002908   0x08002908   0x0000009c   Code   RO          374    x$fpl$dnaninf       fz_ws.l(dnaninf.o)
    0x080029a4   0x080029a4   0x0000000c   Code   RO          376    x$fpl$dretinf       fz_ws.l(dretinf.o)
    0x080029b0   0x080029b0   0x00000016   Code   RO          367    x$fpl$drsb          fz_ws.l(daddsub_clz.o)
    0x080029c6   0x080029c6   0x00000002   PAD
    0x080029c8   0x080029c8   0x000001d4   Code   RO          368    x$fpl$dsub          fz_ws.l(daddsub_clz.o)
    0x08002b9c   0x08002b9c   0x00000056   Code   RO          322    x$fpl$f2d           fz_ws.l(f2d.o)
    0x08002bf2   0x08002bf2   0x00000002   PAD
    0x08002bf4   0x08002bf4   0x000000c4   Code   RO          324    x$fpl$fadd          fz_ws.l(faddsub_clz.o)
    0x08002cb8   0x08002cb8   0x00000018   Code   RO          378    x$fpl$fcmpinf       fz_ws.l(fcmpi.o)
    0x08002cd0   0x08002cd0   0x00000036   Code   RO          330    x$fpl$ffix          fz_ws.l(ffix.o)
    0x08002d06   0x08002d06   0x00000002   PAD
    0x08002d08   0x08002d08   0x00000030   Code   RO          335    x$fpl$fflt          fz_ws.l(fflt_clz.o)
    0x08002d38   0x08002d38   0x00000068   Code   RO          340    x$fpl$fleqf         fz_ws.l(fleqf.o)
    0x08002da0   0x08002da0   0x0000008c   Code   RO          380    x$fpl$fnaninf       fz_ws.l(fnaninf.o)
    0x08002e2c   0x08002e2c   0x0000000a   Code   RO          382    x$fpl$fretinf       fz_ws.l(fretinf.o)
    0x08002e36   0x08002e36   0x00000002   PAD
    0x08002e38   0x08002e38   0x000000ea   Code   RO          326    x$fpl$fsub          fz_ws.l(faddsub_clz.o)
    0x08002f22   0x08002f22   0x00000004   Code   RO          342    x$fpl$printf1       fz_ws.l(printf1.o)
    0x08002f26   0x08002f26   0x00000064   Code   RO          547    x$fpl$retnan        fz_ws.l(retnan.o)
    0x08002f8a   0x08002f8a   0x0000005c   Code   RO          473    x$fpl$scalbn        fz_ws.l(scalbn.o)
    0x08002fe6   0x08002fe6   0x00000030   Code   RO          560    x$fpl$trapveneer    fz_ws.l(trapv.o)
    0x08003016   0x08003016   0x00000000   Code   RO          384    x$fpl$usenofp       fz_ws.l(usenofp.o)
    0x08003016   0x08003016   0x00000002   PAD
    0x08003018   0x08003018   0x00000098   Data   RO          387    .constdata          m_ws.l(atan.o)
    0x080030b0   0x080030b0   0x00000008   Data   RO          409    .constdata          m_ws.l(qnan.o)
    0x080030b8   0x080030b8   0x00000094   Data   RO          442    .constdata          c_w.l(bigflt0.o)
    0x0800314c   0x0800314c   0x00000020   Data   RO          626    Region$$Table       anon$$obj.o
    0x0800316c   0x0800316c   0x0000001c   Data   RO          466    locale$$data        c_w.l(lc_numeric_c.o)


    Execution Region RW_IRAM1 (Exec base: 0x20000000, Load base: 0x08003188, Size: 0x00000670, Max: 0x00005000, ABSOLUTE)

    Exec Addr    Load Addr    Size         Type   Attr      Idx    E Section Name        Object

    0x20000000   0x08003188   0x00000010   Data   RW           31    .data               main.o
    0x20000010        -       0x00000060   Zero   RW          480    .bss                c_w.l(libspace.o)
    0x20000070        -       0x00000200   Zero   RW          216    HEAP                startup_stm32f10x_md.o
    0x20000270        -       0x00000400   Zero   RW          215    STACK               startup_stm32f10x_md.o


==============================================================================

Image component sizes


      Code (inc. data)   RO Data    RW Data    ZI Data      Debug   Object Name

      2184        202          0         16          0      16951   main.o
        64         26        236          0       1536        788   startup_stm32f10x_md.o
       328         28          0          0          0       1985   system_stm32f10x.o

    ----------------------------------------------------------------------
      2580        256        268         16       1536      19724   Object Totals
         0          0         32          0          0          0   (incl. Generated)
         4          0          0          0          0          0   (incl. Padding)

    ----------------------------------------------------------------------

      Code (inc. data)   RO Data    RW Data    ZI Data      Debug   Library Member Name

         8          0          0          0          0         68   __main.o
       284          0          0          0          0        156   __printf_wp.o
         0          0          0          0          0          0   __rtentry.o
        12          0          0          0          0          0   __rtentry2.o
         6          0          0          0          0          0   __rtentry4.o
        52          8          0          0          0          0   __scatter.o
        26          0          0          0          0          0   __scatter_copy.o
        28          0          0          0          0          0   __scatter_zi.o
        44          0          0          0          0        108   _printf_char.o
        48          6          0          0          0         96   _printf_char_common.o
         6          0          0          0          0          0   _printf_d.o
       120         16          0          0          0         92   _printf_dec.o
         6          0          0          0          0          0   _printf_f.o
      1054          0          0          0          0        216   _printf_fp_dec.o
       128         16          0          0          0         84   _printf_fp_infnan.o
       178          0          0          0          0         88   _printf_intcommon.o
         0          0          0          0          0          0   _printf_percent.o
         4          0          0          0          0          0   _printf_percent_end.o
         6          0          0          0          0          0   _printf_s.o
        82          0          0          0          0         80   _printf_str.o
        22          0          0          0          0        100   _rserrno.o
        10          0          0          0          0         68   _sputc.o
       228          4        148          0          0         96   bigflt0.o
      1936        128          0          0          0        672   btod.o
        18          0          0          0          0         80   exit.o
         6          0          0          0          0        152   heapauxi.o
         0          0          0          0          0          0   indicate_semi.o
        44         10         28          0          0         76   lc_numeric_c.o
         2          0          0          0          0          0   libinit.o
        18          0          0          0          0          0   libinit2.o
         2          0          0          0          0          0   libshutdown.o
         2          0          0          0          0          0   libshutdown2.o
         8          4          0          0         96         68   libspace.o
       138          0          0          0          0         80   lludiv10.o
        40          6          0          0          0         84   noretval__2sprintf.o
         8          4          0          0          0         68   rt_errno_addr_intlibspace.o
         8          4          0          0          0         68   rt_locale_intlibspace.o
         2          0          0          0          0          0   rtexit.o
        10          0          0          0          0          0   rtexit2.o
       128          0          0          0          0         68   strcmpv7m.o
        12          4          0          0          0         68   sys_exit.o
        74          0          0          0          0         80   sys_stackheap_outer.o
         2          0          0          0          0         68   use_no_semi.o
        98          4          0          0          0         92   d2f.o
       826         16          0          0          0        348   daddsub_clz.o
        16          4          0          0          0         68   dcheck1.o
        24          0          0          0          0         68   dcmpi.o
       688        140          0          0          0        208   ddiv.o
       120          4          0          0          0         92   deqf.o
        46          0          0          0          0         68   dflt_clz.o
       340         12          0          0          0        104   dmul.o
       156          4          0          0          0         92   dnaninf.o
        12          0          0          0          0         68   dretinf.o
        86          4          0          0          0         84   f2d.o
       430          8          0          0          0        168   faddsub_clz.o
        24          0          0          0          0         68   fcmpi.o
        54          4          0          0          0         84   ffix.o
        48          0          0          0          0         68   fflt_clz.o
       104          4          0          0          0         84   fleqf.o
       140          4          0          0          0         84   fnaninf.o
        10          0          0          0          0         68   fretinf.o
         4          0          0          0          0         68   printf1.o
       100          0          0          0          0         68   retnan.o
        92          0          0          0          0         68   scalbn.o
        48          0          0          0          0         68   trapv.o
         0          0          0          0          0          0   usenofp.o
       544         70        152          0          0        124   atan.o
       412         38          0          0          0        144   atan2.o
        26          6          0          0          0        204   dunder.o
        40          0          0          0          0         68   fpclassify.o
       170          0          0          0          0         96   poly.o
         0          0          8          0          0          0   qnan.o

    ----------------------------------------------------------------------
      9496        532        336          0         96       5708   Library Totals
        28          0          0          0          0          0   (incl. Padding)

    ----------------------------------------------------------------------

      Code (inc. data)   RO Data    RW Data    ZI Data      Debug   Library Name

      4810        210        176          0         96       2884   c_w.l
      3466        208          0          0          0       2188   fz_ws.l
      1192        114        160          0          0        636   m_ws.l

    ----------------------------------------------------------------------
      9496        532        336          0         96       5708   Library Totals

    ----------------------------------------------------------------------

==============================================================================


      Code (inc. data)   RO Data    RW Data    ZI Data      Debug   

     12076        788        604         16       1632      21008   Grand Totals
     12076        788        604         16       1632      21008   ELF Image Totals
     12076        788        604         16          0          0   ROM Totals

==============================================================================

    Total RO  Size (Code + RO Data)                12680 (  12.38kB)
    Total RW  Size (RW Data + ZI Data)              1648 (   1.61kB)
    Total ROM Size (Code + RO Data + RW Data)      12696 (  12.40kB)

==============================================================================

